node.exe : [2m7:52:17 a.┬ám.[22m [33m[1m[vite][22m[39m [33mwarning: `esbuild` option was specified by 
"vite:react-babel" plugin. This option is deprecated, please use `oxc` instead.[39m
En línea: 1 Carácter: 1
+ & "C:\Program Files\nodejs/node.exe" "C:\Program Files\nodejs/node_mo ...
+ ~~~~~~~~~~~~~~~~~~~~~~~~~~~~~~~~~~~~~~~~~~~~~~~~~~~~~~~~~~~~~~~~~~~~~
    + CategoryInfo          : NotSpecified: ([2m7:52:17 a.┬...` instead.[39m:String) [], RemoteException
    + FullyQualifiedErrorId : NativeCommandError
 
[2m7:52:17 a.┬ám.[22m [33m[1m[vite][22m[39m [33mwarning: `optimizeDeps.esbuildOptions` option was specified by 
"vite:react-babel" plugin. This option is deprecated, please use `optimizeDeps.rolldownOptions` instead.[39m
[33mBoth esbuild and oxc options were set. oxc options will be used and esbuild options will be ignored.[39m The 
following esbuild options were set: `{ jsx: 'automatic', jsxImportSource: undefined }`

[1m[30m[46m RUN [49m[39m[22m [36mv4.1.11 [39m[90mC:/Users/aalcala/Desktop/Proyecto/Mchav-Analytics-Frontend[39m

 [31mÔØ»[39m src/components/layout/__tests__/Sidebar.test.jsx [2m([22m[2m0 test[22m[2m)[22m
 [31mÔØ»[39m src/components/layout/__tests__/Topbar.test.jsx [2m([22m[2m0 test[22m[2m)[22m
[90mstderr[2m | src/services/__tests__/api.test.ts[2m > [22m[2mAPI Services[2m > [22m[2mprojectService[2m > 
[22m[2mgetSprintHealth handles error gracefully
[22m[39mError obteniendo salud del sprint... Error: API Error
    at C:/Users/aalcala/Desktop/Proyecto/Mchav-Analytics-Frontend/src/services/__tests__/api.test.ts:183:37
    at [90mfile:///C:/Users/aalcala/Desktop/Proyecto/Mchav-Analytics-Frontend/[39mnode_modules/[4m@vitest/runner[24
m/dist/chunk-artifact.js:302:11
    at [90mfile:///C:/Users/aalcala/Desktop/Proyecto/Mchav-Analytics-Frontend/[39mnode_modules/[4m@vitest/runner[24
m/dist/chunk-artifact.js:1903:26
    at [90mfile:///C:/Users/aalcala/Desktop/Proyecto/Mchav-Analytics-Frontend/[39mnode_modules/[4m@vitest/runner[24
m/dist/chunk-artifact.js:2326:20
    at new Promise (<anonymous>)
    at runWithCancel [90m(file:///C:/Users/aalcala/Desktop/Proyecto/Mchav-Analytics-Frontend/[39mnode_modules/[4m@vi
test/runner[24m/dist/chunk-artifact.js:2323:10[90m)[39m
    at [90mfile:///C:/Users/aalcala/Desktop/Proyecto/Mchav-Analytics-Frontend/[39mnode_modules/[4m@vitest/runner[24
m/dist/chunk-artifact.js:2305:20
    at new Promise (<anonymous>)
    at runWithTimeout [90m(file:///C:/Users/aalcala/Desktop/Proyecto/Mchav-Analytics-Frontend/[39mnode_modules/[4m@v
itest/runner[24m/dist/chunk-artifact.js:2272:10[90m)[39m
    at [90mfile:///C:/Users/aalcala/Desktop/Proyecto/Mchav-Analytics-Frontend/[39mnode_modules/[4m@vitest/runner[24
m/dist/chunk-artifact.js:2956:64

[90mstderr[2m | src/services/__tests__/api.test.ts[2m > [22m[2mAPI Services[2m > [22m[2mdeveloperService[2m > 
[22m[2mgetMyScorecard handles error gracefully
[22m[39mFallback scorecard desarrollador... Error: API Error
    at C:/Users/aalcala/Desktop/Proyecto/Mchav-Analytics-Frontend/src/services/__tests__/api.test.ts:198:37
    at [90mfile:///C:/Users/aalcala/Desktop/Proyecto/Mchav-Analytics-Frontend/[39mnode_modules/[4m@vitest/runner[24
m/dist/chunk-artifact.js:302:11
    at [90mfile:///C:/Users/aalcala/Desktop/Proyecto/Mchav-Analytics-Frontend/[39mnode_modules/[4m@vitest/runner[24
m/dist/chunk-artifact.js:1903:26
    at [90mfile:///C:/Users/aalcala/Desktop/Proyecto/Mchav-Analytics-Frontend/[39mnode_modules/[4m@vitest/runner[24
m/dist/chunk-artifact.js:2326:20
    at new Promise (<anonymous>)
    at runWithCancel [90m(file:///C:/Users/aalcala/Desktop/Proyecto/Mchav-Analytics-Frontend/[39mnode_modules/[4m@vi
test/runner[24m/dist/chunk-artifact.js:2323:10[90m)[39m
    at [90mfile:///C:/Users/aalcala/Desktop/Proyecto/Mchav-Analytics-Frontend/[39mnode_modules/[4m@vitest/runner[24
m/dist/chunk-artifact.js:2305:20
    at new Promise (<anonymous>)
    at runWithTimeout [90m(file:///C:/Users/aalcala/Desktop/Proyecto/Mchav-Analytics-Frontend/[39mnode_modules/[4m@v
itest/runner[24m/dist/chunk-artifact.js:2272:10[90m)[39m
    at [90mfile:///C:/Users/aalcala/Desktop/Proyecto/Mchav-Analytics-Frontend/[39mnode_modules/[4m@vitest/runner[24
m/dist/chunk-artifact.js:2956:64

[90mstderr[2m | src/services/__tests__/api.test.ts[2m > [22m[2mAPI Services[2m > [22m[2mdeveloperService[2m > 
[22m[2mgetTeamMatrix handles error gracefully
[22m[39mError cargando matriz de equipo... Error: API Error
    at C:/Users/aalcala/Desktop/Proyecto/Mchav-Analytics-Frontend/src/services/__tests__/api.test.ts:263:37
    at [90mfile:///C:/Users/aalcala/Desktop/Proyecto/Mchav-Analytics-Frontend/[39mnode_modules/[4m@vitest/runner[24
m/dist/chunk-artifact.js:302:11
    at [90mfile:///C:/Users/aalcala/Desktop/Proyecto/Mchav-Analytics-Frontend/[39mnode_modules/[4m@vitest/runner[24
m/dist/chunk-artifact.js:1903:26
    at [90mfile:///C:/Users/aalcala/Desktop/Proyecto/Mchav-Analytics-Frontend/[39mnode_modules/[4m@vitest/runner[24
m/dist/chunk-artifact.js:2326:20
    at new Promise (<anonymous>)
    at runWithCancel [90m(file:///C:/Users/aalcala/Desktop/Proyecto/Mchav-Analytics-Frontend/[39mnode_modules/[4m@vi
test/runner[24m/dist/chunk-artifact.js:2323:10[90m)[39m
    at [90mfile:///C:/Users/aalcala/Desktop/Proyecto/Mchav-Analytics-Frontend/[39mnode_modules/[4m@vitest/runner[24
m/dist/chunk-artifact.js:2305:20
    at new Promise (<anonymous>)
    at runWithTimeout [90m(file:///C:/Users/aalcala/Desktop/Proyecto/Mchav-Analytics-Frontend/[39mnode_modules/[4m@v
itest/runner[24m/dist/chunk-artifact.js:2272:10[90m)[39m
    at [90mfile:///C:/Users/aalcala/Desktop/Proyecto/Mchav-Analytics-Frontend/[39mnode_modules/[4m@vitest/runner[24
m/dist/chunk-artifact.js:2956:64

[90mstderr[2m | src/services/__tests__/api.test.ts[2m > [22m[2mAPI Services[2m > [22m[2malertService[2m > 
[22m[2mgetAlerts handles error gracefully
[22m[39mError cargando alertas del sistema... Error: API Error
    at C:/Users/aalcala/Desktop/Proyecto/Mchav-Analytics-Frontend/src/services/__tests__/api.test.ts:278:37
    at [90mfile:///C:/Users/aalcala/Desktop/Proyecto/Mchav-Analytics-Frontend/[39mnode_modules/[4m@vitest/runner[24
m/dist/chunk-artifact.js:302:11
    at [90mfile:///C:/Users/aalcala/Desktop/Proyecto/Mchav-Analytics-Frontend/[39mnode_modules/[4m@vitest/runner[24
m/dist/chunk-artifact.js:1903:26
    at [90mfile:///C:/Users/aalcala/Desktop/Proyecto/Mchav-Analytics-Frontend/[39mnode_modules/[4m@vitest/runner[24
m/dist/chunk-artifact.js:2326:20
    at new Promise (<anonymous>)
    at runWithCancel [90m(file:///C:/Users/aalcala/Desktop/Proyecto/Mchav-Analytics-Frontend/[39mnode_modules/[4m@vi
test/runner[24m/dist/chunk-artifact.js:2323:10[90m)[39m
    at [90mfile:///C:/Users/aalcala/Desktop/Proyecto/Mchav-Analytics-Frontend/[39mnode_modules/[4m@vitest/runner[24
m/dist/chunk-artifact.js:2305:20
    at new Promise (<anonymous>)
    at runWithTimeout [90m(file:///C:/Users/aalcala/Desktop/Proyecto/Mchav-Analytics-Frontend/[39mnode_modules/[4m@v
itest/runner[24m/dist/chunk-artifact.js:2272:10[90m)[39m
    at [90mfile:///C:/Users/aalcala/Desktop/Proyecto/Mchav-Analytics-Frontend/[39mnode_modules/[4m@vitest/runner[24
m/dist/chunk-artifact.js:2956:64

[90mstderr[2m | src/services/__tests__/api.test.ts[2m > [22m[2mAPI Services[2m > [22m[2malertService[2m > 
[22m[2mgetHelpRequests handles error gracefully
[22m[39mError cargando solicitudes de ayuda... Error: API Error
    at C:/Users/aalcala/Desktop/Proyecto/Mchav-Analytics-Frontend/src/services/__tests__/api.test.ts:304:37
    at [90mfile:///C:/Users/aalcala/Desktop/Proyecto/Mchav-Analytics-Frontend/[39mnode_modules/[4m@vitest/runner[24
m/dist/chunk-artifact.js:302:11
    at [90mfile:///C:/Users/aalcala/Desktop/Proyecto/Mchav-Analytics-Frontend/[39mnode_modules/[4m@vitest/runner[24
m/dist/chunk-artifact.js:1903:26
    at [90mfile:///C:/Users/aalcala/Desktop/Proyecto/Mchav-Analytics-Frontend/[39mnode_modules/[4m@vitest/runner[24
m/dist/chunk-artifact.js:2326:20
    at new Promise (<anonymous>)
    at runWithCancel [90m(file:///C:/Users/aalcala/Desktop/Proyecto/Mchav-Analytics-Frontend/[39mnode_modules/[4m@vi
test/runner[24m/dist/chunk-artifact.js:2323:10[90m)[39m
    at [90mfile:///C:/Users/aalcala/Desktop/Proyecto/Mchav-Analytics-Frontend/[39mnode_modules/[4m@vitest/runner[24
m/dist/chunk-artifact.js:2305:20
    at new Promise (<anonymous>)
    at runWithTimeout [90m(file:///C:/Users/aalcala/Desktop/Proyecto/Mchav-Analytics-Frontend/[39mnode_modules/[4m@v
itest/runner[24m/dist/chunk-artifact.js:2272:10[90m)[39m
    at [90mfile:///C:/Users/aalcala/Desktop/Proyecto/Mchav-Analytics-Frontend/[39mnode_modules/[4m@vitest/runner[24
m/dist/chunk-artifact.js:2956:64

 [31mÔØ»[39m src/features/jql/hooks/__tests__/useJqlConsole.test.ts [2m([22m[2m7 tests[22m[2m | [22m[31m1 failed[39m[2m)[22m[32m 154[2mms[22m[39m
     [32mÔ£ô[39m initializes with default states[32m 43[2mms[22m[39m
     [32mÔ£ô[39m updates jqlQuery state[32m 10[2mms[22m[39m
     [32mÔ£ô[39m sets error when executing empty query[32m 11[2mms[22m[39m
     [32mÔ£ô[39m handles successful jql execution[32m 13[2mms[22m[39m
     [32mÔ£ô[39m handles jql execution failure from API[32m 7[2mms[22m[39m
     [32mÔ£ô[39m handles jql execution network error[32m 5[2mms[22m[39m
[31m     [31m├ù[31m exports to CSV correctly[39m[32m 58[2mms[22m[39m
 [31mÔØ»[39m src/services/__tests__/api.test.ts [2m([22m[2m69 tests[22m[2m | [22m[31m6 failed[39m[2m)[22m[32m 159[2mms[22m[39m
       [32mÔ£ô[39m getLoginUrl returns correct URL[32m 6[2mms[22m[39m
       [32mÔ£ô[39m getCurrentUser calls correct endpoint[32m 7[2mms[22m[39m
       [32mÔ£ô[39m loginMock calls POST /login[32m 2[2mms[22m[39m
       [32mÔ£ô[39m logout calls POST /logout[32m 2[2mms[22m[39m
       [32mÔ£ô[39m getMetrics calls correct endpoint[32m 2[2mms[22m[39m
       [32mÔ£ô[39m triggerSync calls POST sync[32m 1[2mms[22m[39m
       [32mÔ£ô[39m getSyncLogs calls correct endpoint[32m 1[2mms[22m[39m
       [32mÔ£ô[39m executeJql calls POST execute[32m 1[2mms[22m[39m
       [32mÔ£ô[39m getPresets calls GET presets[32m 2[2mms[22m[39m
       [32mÔ£ô[39m getProjectBurndown handles project only[32m 3[2mms[22m[39m
       [32mÔ£ô[39m getProjectBurndown handles sprint[32m 1[2mms[22m[39m
       [32mÔ£ô[39m getProjects calls GET projects[32m 1[2mms[22m[39m
       [32mÔ£ô[39m createProject calls POST projects[32m 1[2mms[22m[39m
       [32mÔ£ô[39m getSprints calls GET sprints[32m 1[2mms[22m[39m
       [32mÔ£ô[39m getKpis handles with and without sprint[32m 1[2mms[22m[39m
       [32mÔ£ô[39m getStatuses calls GET statuses[32m 0[2mms[22m[39m
       [32mÔ£ô[39m getMappings and saveMappings work[32m 1[2mms[22m[39m
       [32mÔ£ô[39m getKpiIssuesDetail calls GET with params[32m 1[2mms[22m[39m
       [32mÔ£ô[39m transitions and getIssueTransitions work[32m 1[2mms[22m[39m
       [32mÔ£ô[39m getSprintHealth handles error gracefully[32m 18[2mms[22m[39m
       [32mÔ£ô[39m getMyScorecard calls GET /api/v1/developers/me/scorecard[32m 2[2mms[22m[39m
       [32mÔ£ô[39m getMyScorecard handles error gracefully[32m 2[2mms[22m[39m
       [32mÔ£ô[39m getDailyFocus calls GET /api/v1/developers/me/daily-focus[32m 1[2mms[22m[39m
       [32mÔ£ô[39m getDailyFocus handles error gracefully[32m 3[2mms[22m[39m
       [32mÔ£ô[39m getDevAlerts calls GET /api/v1/developers/me/alerts[32m 1[2mms[22m[39m
       [32mÔ£ô[39m getDevAlerts handles error gracefully[32m 1[2mms[22m[39m
       [32mÔ£ô[39m performAlertAction calls POST /api/v1/developers/me/alerts/:id/action[32m 1[2mms[22m[39m
       [32mÔ£ô[39m performAlertAction handles error gracefully[32m 0[2mms[22m[39m
       [32mÔ£ô[39m getActivityHistory calls GET /api/v1/developers/me/activity-history[32m 1[2mms[22m[39m
       [32mÔ£ô[39m getActivityHistory handles error gracefully[32m 1[2mms[22m[39m
       [32mÔ£ô[39m getTeamMatrix calls GET /api/v1/developers/matrix[32m 2[2mms[22m[39m
       [32mÔ£ô[39m getTeamMatrix handles error gracefully[32m 2[2mms[22m[39m
       [32mÔ£ô[39m getAlerts calls GET /api/v1/alerts[32m 1[2mms[22m[39m
       [32mÔ£ô[39m getAlerts handles error gracefully[32m 1[2mms[22m[39m
       [32mÔ£ô[39m acknowledgeAlert calls POST /api/v1/alerts/:id/acknowledge[32m 1[2mms[22m[39m
       [32mÔ£ô[39m acknowledgeAlert handles error gracefully[32m 1[2mms[22m[39m
       [32mÔ£ô[39m getHelpRequests calls GET /api/v1/alerts/help-requests[32m 1[2mms[22m[39m
       [32mÔ£ô[39m getHelpRequests handles error gracefully[32m 2[2mms[22m[39m
       [32mÔ£ô[39m createHelpRequest calls POST /api/v1/alerts/help-requests[32m 1[2mms[22m[39m
       [32mÔ£ô[39m createHelpRequest handles error gracefully[32m 1[2mms[22m[39m
       [32mÔ£ô[39m updateHelpRequestStatus calls PATCH /api/v1/alerts/help-requests/:id[32m 18[2mms[22m[39m
       [32mÔ£ô[39m updateHelpRequestStatus handles error gracefully[32m 1[2mms[22m[39m
       [32mÔ£ô[39m getHealthMetrics calls GET /api/v1/system/health[32m 1[2mms[22m[39m
       [32mÔ£ô[39m chat calls POST /api/v1/ai/chat[32m 1[2mms[22m[39m
       [32mÔ£ô[39m getSuggestedPrompts calls GET /api/v1/ai/prompts[32m 1[2mms[22m[39m
       [32mÔ£ô[39m getProjectCFD handles project only[32m 1[2mms[22m[39m
       [32mÔ£ô[39m getProjectCFD handles sprint[32m 0[2mms[22m[39m
       [32mÔ£ô[39m getProjectBurnup handles project only[32m 0[2mms[22m[39m
       [32mÔ£ô[39m getProjectBurnup handles sprint[32m 0[2mms[22m[39m
       [32mÔ£ô[39m getPercentiles calls GET with days[32m 0[2mms[22m[39m
       [32mÔ£ô[39m getDevelopers calls GET /developers[32m 1[2mms[22m[39m
       [32mÔ£ô[39m getDevelopers handles error[32m 0[2mms[22m[39m
       [32mÔ£ô[39m getDeveloperScorecard calls GET for specific dev[32m 0[2mms[22m[39m
       [32mÔ£ô[39m getDeveloperScorecard handles error[32m 0[2mms[22m[39m
       [32mÔ£ô[39m createAgendaTask calls POST[32m 0[2mms[22m[39m
       [32mÔ£ô[39m updateTaskStatus calls PATCH[32m 0[2mms[22m[39m
       [32mÔ£ô[39m createNote calls POST[32m 0[2mms[22m[39m
       [32mÔ£ô[39m deleteNote calls DELETE[32m 0[2mms[22m[39m
       [32mÔ£ô[39m getNotesByDate calls GET[32m 1[2mms[22m[39m
[31m       [31m├ù[31m getUsers calls GET /users[39m[32m 3[2mms[22m[39m
[31m       [31m├ù[31m getRoles calls GET /roles[39m[32m 1[2mms[22m[39m
[31m       [31m├ù[31m updateUserStatus calls PUT[39m[32m 1[2mms[22m[39m
[31m       [31m├ù[31m updateUserRole calls PUT[39m[32m 7[2mms[22m[39m
[31m       [31m├ù[31m assignUserProjects calls POST[39m[32m 1[2mms[22m[39m
       [32mÔ£ô[39m getSchedulerJobs calls GET[32m 1[2mms[22m[39m
       [32mÔ£ô[39m toggleJobState calls PUT[32m 1[2mms[22m[39m
       [32mÔ£ô[39m triggerJobManual calls POST[32m 2[2mms[22m[39m
       [32mÔ£ô[39m downloadPdfReport uses fetch[32m 4[2mms[22m[39m
[31m       [31m├ù[31m downloadCsvReport creates link[39m[32m 7[2mms[22m[39m
 [31mÔØ»[39m src/components/layout/__tests__/Logo.test.jsx [2m([22m[2m2 tests[22m[2m | [22m[31m1 failed[39m[2m)[22m[33m 507[2mms[22m[39m
[31m     [31m├ù[31m renders the logo image correctly with default props[39m[33m 468[2mms[22m[39m
     [32mÔ£ô[39m applies custom size and className props[32m 30[2mms[22m[39m
[90mstderr[2m | src/features/projects/components/__tests__/ProjectMetrics.test.tsx[2m > [22m[2mProjectMetrics[2m 
> [22m[2mrenders summary tab correctly
[22m[39mThe tag <stop> is unrecognized in this browser. If you meant to render a React component, start its name 
with an uppercase letter.
<linearGradient /> is using incorrect casing. Use PascalCase for React components, or lowercase for HTML elements.
The tag <linearGradient> is unrecognized in this browser. If you meant to render a React component, start its name 
with an uppercase letter.
The tag <defs> is unrecognized in this browser. If you meant to render a React component, start its name with an 
uppercase letter.

[90mstderr[2m | src/features/projects/components/__tests__/ProjectMetrics.test.tsx[2m > [22m[2mProjectMetrics[2m 
> [22m[2mchanges tab when clicking An├ílisis de Tiempos
[22m[39m<linearGradient /> is using incorrect casing. Use PascalCase for React components, or lowercase for HTML 
elements.

[90mstderr[2m | src/features/reports/views/__tests__/CentroReportesView.test.jsx[2m > 
[22m[2mCentroReportesView[2m > [22m[2mrenders correctly and fetches initial data
[22m[39mError fetching sprints Error: [vitest] No "projectService" export is defined on the 
"../../../../services/api" mock. Did you forget to return it from "vi.mock"?
If you need to partially mock a module, you can use "importOriginal" helper inside:

    at VitestMocker.createError [90m(file:///C:/Users/aalcala/Desktop/Proyecto/Mchav-Analytics-Frontend/[39mnode_modu
les/[4mvitest[24m/dist/chunks/startVitestModuleRunner.DB-7oCpn.js:62:17[90m)[39m
    at Object.get [90m(file:///C:/Users/aalcala/Desktop/Proyecto/Mchav-Analytics-Frontend/[39mnode_modules/[4mvitest
[24m/dist/chunks/startVitestModuleRunner.DB-7oCpn.js:327:16[90m)[39m
    at fetchData 
(C:/Users/aalcala/Desktop/Proyecto/Mchav-Analytics-Frontend/src/features/reports/views/CentroReportesView.jsx:113:41)
[90m    at processTicksAndRejections (node:internal/process/task_queues:105:5)[39m {
  codeFrame: [32m'vi.mock(import("../../../../services/api"), async (importOriginal) => {\n'[39m +
    [32m'  const actual = await importOriginal()\n'[39m +
    [32m'  return {\n'[39m +
    [32m'    ...actual,\n'[39m +
    [32m'    // your mocked methods\n'[39m +
    [32m'  }\n'[39m +
    [32m'})'[39m
}

[90mstderr[2m | src/features/reports/views/__tests__/CentroReportesView.test.jsx[2m > 
[22m[2mCentroReportesView[2m > [22m[2mcan switch tabs to Historial
[22m[39mError fetching sprints Error: [vitest] No "projectService" export is defined on the 
"../../../../services/api" mock. Did you forget to return it from "vi.mock"?
If you need to partially mock a module, you can use "importOriginal" helper inside:

    at VitestMocker.createError [90m(file:///C:/Users/aalcala/Desktop/Proyecto/Mchav-Analytics-Frontend/[39mnode_modu
les/[4mvitest[24m/dist/chunks/startVitestModuleRunner.DB-7oCpn.js:62:17[90m)[39m
    at Object.get [90m(file:///C:/Users/aalcala/Desktop/Proyecto/Mchav-Analytics-Frontend/[39mnode_modules/[4mvitest
[24m/dist/chunks/startVitestModuleRunner.DB-7oCpn.js:327:16[90m)[39m
    at fetchData 
(C:/Users/aalcala/Desktop/Proyecto/Mchav-Analytics-Frontend/src/features/reports/views/CentroReportesView.jsx:113:41) {
  codeFrame: [32m'vi.mock(import("../../../../services/api"), async (importOriginal) => {\n'[39m +
    [32m'  const actual = await importOriginal()\n'[39m +
    [32m'  return {\n'[39m +
    [32m'    ...actual,\n'[39m +
    [32m'    // your mocked methods\n'[39m +
    [32m'  }\n'[39m +
    [32m'})'[39m
}

[90mstderr[2m | src/features/projects/components/__tests__/ProjectMetrics.test.tsx[2m > [22m[2mProjectMetrics[2m 
> [22m[2mrenders cycle time status correctly based on threshold
[22m[39m<linearGradient /> is using incorrect casing. Use PascalCase for React components, or lowercase for HTML 
elements.

 [31mÔØ»[39m src/features/projects/components/__tests__/ProjectMetrics.test.tsx [2m([22m[2m7 tests[22m[2m | [22m[31m1 failed[39m[2m)[22m[33m 1064[2mms[22m[39m
     [33m[2mÔ£ô[22m[39m renders summary tab correctly [33m 374[2mms[22m[39m
     [32mÔ£ô[39m changes tab when clicking An├ílisis de Tiempos[32m 93[2mms[22m[39m
     [32mÔ£ô[39m renders TIEMPOS tab correctly with empty data[32m 23[2mms[22m[39m
     [32mÔ£ô[39m renders TIEMPOS tab correctly with loading state[32m 14[2mms[22m[39m
[31m     [31m├ù[31m renders TIEMPOS tab correctly with percentiles data[39m[32m 65[2mms[22m[39m
     [33m[2mÔ£ô[22m[39m handles percentiles window change [33m 324[2mms[22m[39m
     [32mÔ£ô[39m renders cycle time status correctly based on threshold[32m 164[2mms[22m[39m
[90mstderr[2m | src/features/reports/views/__tests__/CentroReportesView.test.jsx[2m > 
[22m[2mCentroReportesView[2m > [22m[2mcan change report type to developer and load users
[22m[39mError fetching sprints Error: [vitest] No "projectService" export is defined on the 
"../../../../services/api" mock. Did you forget to return it from "vi.mock"?
If you need to partially mock a module, you can use "importOriginal" helper inside:

    at VitestMocker.createError [90m(file:///C:/Users/aalcala/Desktop/Proyecto/Mchav-Analytics-Frontend/[39mnode_modu
les/[4mvitest[24m/dist/chunks/startVitestModuleRunner.DB-7oCpn.js:62:17[90m)[39m
    at Object.get [90m(file:///C:/Users/aalcala/Desktop/Proyecto/Mchav-Analytics-Frontend/[39mnode_modules/[4mvitest
[24m/dist/chunks/startVitestModuleRunner.DB-7oCpn.js:327:16[90m)[39m
    at fetchData 
(C:/Users/aalcala/Desktop/Proyecto/Mchav-Analytics-Frontend/src/features/reports/views/CentroReportesView.jsx:113:41) {
  codeFrame: [32m'vi.mock(import("../../../../services/api"), async (importOriginal) => {\n'[39m +
    [32m'  const actual = await importOriginal()\n'[39m +
    [32m'  return {\n'[39m +
    [32m'    ...actual,\n'[39m +
    [32m'    // your mocked methods\n'[39m +
    [32m'  }\n'[39m +
    [32m'})'[39m
}

[90mstderr[2m | src/features/reports/views/__tests__/CentroReportesView.test.jsx[2m > 
[22m[2mCentroReportesView[2m > [22m[2mtriggers fake live report generation
[22m[39mError fetching sprints Error: [vitest] No "projectService" export is defined on the 
"../../../../services/api" mock. Did you forget to return it from "vi.mock"?
If you need to partially mock a module, you can use "importOriginal" helper inside:

    at VitestMocker.createError [90m(file:///C:/Users/aalcala/Desktop/Proyecto/Mchav-Analytics-Frontend/[39mnode_modu
les/[4mvitest[24m/dist/chunks/startVitestModuleRunner.DB-7oCpn.js:62:17[90m)[39m
    at Object.get [90m(file:///C:/Users/aalcala/Desktop/Proyecto/Mchav-Analytics-Frontend/[39mnode_modules/[4mvitest
[24m/dist/chunks/startVitestModuleRunner.DB-7oCpn.js:327:16[90m)[39m
    at fetchData 
(C:/Users/aalcala/Desktop/Proyecto/Mchav-Analytics-Frontend/src/features/reports/views/CentroReportesView.jsx:113:41) {
  codeFrame: [32m'vi.mock(import("../../../../services/api"), async (importOriginal) => {\n'[39m +
    [32m'  const actual = await importOriginal()\n'[39m +
    [32m'  return {\n'[39m +
    [32m'    ...actual,\n'[39m +
    [32m'    // your mocked methods\n'[39m +
    [32m'  }\n'[39m +
    [32m'})'[39m
}

 [31mÔØ»[39m src/features/reports/views/__tests__/CentroReportesView.test.jsx [2m([22m[2m4 tests[22m[2m | [22m[31m1 failed[39m[2m)[22m[33m 3024[2mms[22m[39m
     [33m[2mÔ£ô[22m[39m renders correctly and fetches initial data [33m 757[2mms[22m[39m
[31m     [31m├ù[31m can switch tabs to Historial[39m[32m 210[2mms[22m[39m
     [32mÔ£ô[39m can change report type to developer and load users[32m 250[2mms[22m[39m
     [33m[2mÔ£ô[22m[39m triggers fake live report generation [33m 1800[2mms[22m[39m
 [31mÔØ»[39m src/features/dashboard/views/__tests__/DeveloperView.test.jsx [2m([22m[2m0 test[22m[2m)[22m
 [31mÔØ»[39m src/features/projects/views/__tests__/ProyectosDashboardView.test.jsx [2m([22m[2m0 test[22m[2m)[22m
 [31mÔØ»[39m src/features/sync/views/__tests__/SystemSyncTab.test.tsx [2m([22m[2m0 test[22m[2m)[22m
 [31mÔØ»[39m src/features/users/views/__tests__/AdminUsuariosView.test.tsx [2m([22m[2m0 test[22m[2m)[22m
 [32mÔ£ô[39m src/features/dashboard/components/__tests__/DeveloperComponents.test.jsx [2m([22m[2m14 tests[22m[2m)[22m[33m 1655[2mms[22m[39m
     [33m[2mÔ£ô[22m[39m renders correctly with given props [33m 371[2mms[22m[39m
 [32mÔ£ô[39m src/features/jql/__tests__/JqlEditor.test.jsx [2m([22m[2m8 tests[22m[2m)[22m[33m 1126[2mms[22m[39m
     [33m[2mÔ£ô[22m[39m debe renderizar el textarea y botones correctamente [33m 586[2mms[22m[39m
 [32mÔ£ô[39m src/features/users/components/__tests__/AdminUserModals.test.tsx [2m([22m[2m5 tests[22m[2m)[22m[33m 939[2mms[22m[39m
     [33m[2mÔ£ô[22m[39m renders invite modal when isInviteOpen is true and submits form [33m 587[2mms[22m[39m
 [32mÔ£ô[39m src/features/users/components/__tests__/AdminUserTable.test.tsx [2m([22m[2m6 tests[22m[2m)[22m[33m 1268[2mms[22m[39m
     [33m[2mÔ£ô[22m[39m renders users correctly [33m 355[2mms[22m[39m
     [33m[2mÔ£ô[22m[39m calls handleRoleChange when select changes [33m 508[2mms[22m[39m
 [32mÔ£ô[39m src/features/dashboard/components/__tests__/ProjectComponents.test.jsx [2m([22m[2m5 tests[22m[2m)[22m[33m 1330[2mms[22m[39m
       [33m[2mÔ£ô[22m[39m renders project cards with correct information [33m 675[2mms[22m[39m
       [33m[2mÔ£ô[22m[39m handles filter change and drill down click [33m 364[2mms[22m[39m
 [32mÔ£ô[39m src/features/sync/components/__tests__/SyncLogsViewer.test.tsx [2m([22m[2m5 tests[22m[2m)[22m[33m 1190[2mms[22m[39m
     [33m[2mÔ£ô[22m[39m renders correctly with logs [33m 301[2mms[22m[39m
     [33m[2mÔ£ô[22m[39m calls setTimeFilter when filter changes [33m 437[2mms[22m[39m
     [33m[2mÔ£ô[22m[39m handles pagination button clicks [33m 316[2mms[22m[39m
 [32mÔ£ô[39m src/features/dashboard/components/__tests__/LeaderDashboardComponents.test.jsx [2m([22m[2m9 tests[22m[2m)[22m[33m 1113[2mms[22m[39m
     [33m[2mÔ£ô[22m[39m toggles tooltips on click [33m 549[2mms[22m[39m
 [32mÔ£ô[39m src/features/auth/views/__tests__/LoginView.test.jsx [2m([22m[2m4 tests[22m[2m)[22m[33m 814[2mms[22m[39m
     [33m[2mÔ£ô[22m[39m redirects to dashboard if already authenticated [33m 511[2mms[22m[39m
 [32mÔ£ô[39m src/features/dashboard/views/__tests__/AlertsCenterView.test.jsx [2m([22m[2m1 test[22m[2m)[22m[33m 1095[2mms[22m[39m
     [33m[2mÔ£ô[22m[39m renders correctly without crashing [33m 1085[2mms[22m[39m
 [32mÔ£ô[39m src/features/sync/components/__tests__/SystemSyncControlPanel.test.tsx [2m([22m[2m6 tests[22m[2m)[22m[33m 964[2mms[22m[39m
     [33m[2mÔ£ô[22m[39m calls setIsAutoSync when switch is toggled [33m 523[2mms[22m[39m
 [32mÔ£ô[39m src/features/dashboard/__tests__/DevAlertCard.test.jsx [2m([22m[2m4 tests[22m[2m)[22m[33m 865[2mms[22m[39m
     [33m[2mÔ£ô[22m[39m debe deshabilitar botones cuando executingAction es true [33m 502[2mms[22m[39m
 [32mÔ£ô[39m src/features/dashboard/views/__tests__/ActivityHistoryView.test.jsx [2m([22m[2m2 tests[22m[2m)[22m[33m 740[2mms[22m[39m
     [33m[2mÔ£ô[22m[39m renders history when project is selected [33m 537[2mms[22m[39m
 [32mÔ£ô[39m src/features/users/components/__tests__/AdminUserFilters.test.tsx [2m([22m[2m5 tests[22m[2m)[22m[33m 676[2mms[22m[39m
     [33m[2mÔ£ô[22m[39m handles clearing search input [33m 414[2mms[22m[39m
[90mstderr[2m | src/features/dashboard/views/__tests__/DashboardView.test.jsx[2m > [22m[2mDashboardView[2m > 
[22m[2mrenders correctly
[22m[39mAn update to DashboardView inside a test was not wrapped in act(...).

When testing, code that causes React state updates should be wrapped into act(...):

act(() => {
  /* fire events that update state */
});
/* assert on the output */

This ensures that you're testing the behavior the user would see in the browser. Learn more at 
https://react.dev/link/wrap-tests-with-act
An update to DashboardView inside a test was not wrapped in act(...).

When testing, code that causes React state updates should be wrapped into act(...):

act(() => {
  /* fire events that update state */
});
/* assert on the output */

This ensures that you're testing the behavior the user would see in the browser. Learn more at 
https://react.dev/link/wrap-tests-with-act
An update to DashboardView inside a test was not wrapped in act(...).

When testing, code that causes React state updates should be wrapped into act(...):

act(() => {
  /* fire events that update state */
});
/* assert on the output */

This ensures that you're testing the behavior the user would see in the browser. Learn more at 
https://react.dev/link/wrap-tests-with-act
An update to DashboardView inside a test was not wrapped in act(...).

When testing, code that causes React state updates should be wrapped into act(...):

act(() => {
  /* fire events that update state */
});
/* assert on the output */

This ensures that you're testing the behavior the user would see in the browser. Learn more at 
https://react.dev/link/wrap-tests-with-act

[90mstderr[2m | src/features/dashboard/views/__tests__/DashboardView.test.jsx[2m > [22m[2mDashboardView[2m > 
[22m[2mfetches projects on mount
[22m[39mAn update to DashboardView inside a test was not wrapped in act(...).

When testing, code that causes React state updates should be wrapped into act(...):

act(() => {
  /* fire events that update state */
});
/* assert on the output */

This ensures that you're testing the behavior the user would see in the browser. Learn more at 
https://react.dev/link/wrap-tests-with-act
An update to DashboardView inside a test was not wrapped in act(...).

When testing, code that causes React state updates should be wrapped into act(...):

act(() => {
  /* fire events that update state */
});
/* assert on the output */

This ensures that you're testing the behavior the user would see in the browser. Learn more at 
https://react.dev/link/wrap-tests-with-act
An update to DashboardView inside a test was not wrapped in act(...).

When testing, code that causes React state updates should be wrapped into act(...):

act(() => {
  /* fire events that update state */
});
/* assert on the output */

This ensures that you're testing the behavior the user would see in the browser. Learn more at 
https://react.dev/link/wrap-tests-with-act
An update to DashboardView inside a test was not wrapped in act(...).

When testing, code that causes React state updates should be wrapped into act(...):

act(() => {
  /* fire events that update state */
});
/* assert on the output */

This ensures that you're testing the behavior the user would see in the browser. Learn more at 
https://react.dev/link/wrap-tests-with-act

 [32mÔ£ô[39m src/features/dashboard/views/__tests__/DashboardView.test.jsx [2m([22m[2m2 tests[22m[2m)[22m[33m 851[2mms[22m[39m
     [33m[2mÔ£ô[22m[39m renders correctly [33m 664[2mms[22m[39m
 [32mÔ£ô[39m src/features/jql/components/__tests__/JqlResultsTable.test.jsx [2m([22m[2m6 tests[22m[2m)[22m[33m 889[2mms[22m[39m
     [33m[2mÔ£ô[22m[39m toggles table visibility when clicking header [33m 615[2mms[22m[39m
 [32mÔ£ô[39m src/components/ui/__tests__/ThemeToggleSwitch.test.jsx [2m([22m[2m3 tests[22m[2m)[22m[33m 650[2mms[22m[39m
     [33m[2mÔ£ô[22m[39m renders correctly in light mode [33m 498[2mms[22m[39m
 [32mÔ£ô[39m src/features/dashboard/components/__tests__/TeamMatrixComponents.test.jsx [2m([22m[2m6 tests[22m[2m)[22m[33m 477[2mms[22m[39m
 [32mÔ£ô[39m src/features/dashboard/components/__tests__/DeveloperModals.test.jsx [2m([22m[2m11 tests[22m[2m)[22m[33m 539[2mms[22m[39m
 [32mÔ£ô[39m src/features/users/hooks/__tests__/useAdminUsers.test.ts [2m([22m[2m6 tests[22m[2m)[22m[33m 575[2mms[22m[39m
 [32mÔ£ô[39m src/features/auth/context/__tests__/AuthContext.test.tsx [2m([22m[2m13 tests[22m[2m)[22m[33m 571[2mms[22m[39m
[90mstderr[2m | src/features/dashboard/hooks/__tests__/useLeaderDashboard.test.js[2m > [22m[2museLeaderDashboard 
Hook[2m > [22m[2mfetches data successfully and populates state
[22m[39mAn update to TestComponent inside a test was not wrapped in act(...).

When testing, code that causes React state updates should be wrapped into act(...):

act(() => {
  /* fire events that update state */
});
/* assert on the output */

This ensures that you're testing the behavior the user would see in the browser. Learn more at 
https://react.dev/link/wrap-tests-with-act

[90mstderr[2m | src/features/dashboard/hooks/__tests__/useLeaderDashboard.test.js[2m > [22m[2museLeaderDashboard 
Hook[2m > [22m[2mfetches data successfully and populates state
[22m[39mAn update to TestComponent inside a test was not wrapped in act(...).

When testing, code that causes React state updates should be wrapped into act(...):

act(() => {
  /* fire events that update state */
});
/* assert on the output */

This ensures that you're testing the behavior the user would see in the browser. Learn more at 
https://react.dev/link/wrap-tests-with-act

[90mstderr[2m | src/features/dashboard/hooks/__tests__/useLeaderDashboard.test.js[2m > [22m[2museLeaderDashboard 
Hook[2m > [22m[2mfetches data successfully and populates state
[22m[39mAn update to TestComponent inside a test was not wrapped in act(...).

When testing, code that causes React state updates should be wrapped into act(...):

act(() => {
  /* fire events that update state */
});
/* assert on the output */

This ensures that you're testing the behavior the user would see in the browser. Learn more at 
https://react.dev/link/wrap-tests-with-act

[90mstderr[2m | src/features/dashboard/hooks/__tests__/useLeaderDashboard.test.js[2m > [22m[2museLeaderDashboard 
Hook[2m > [22m[2mfetches data successfully and populates state
[22m[39mAn update to TestComponent inside a test was not wrapped in act(...).

When testing, code that causes React state updates should be wrapped into act(...):

act(() => {
  /* fire events that update state */
});
/* assert on the output */

This ensures that you're testing the behavior the user would see in the browser. Learn more at 
https://react.dev/link/wrap-tests-with-act

[90mstderr[2m | src/features/dashboard/hooks/__tests__/useLeaderDashboard.test.js[2m > [22m[2museLeaderDashboard 
Hook[2m > [22m[2mfetches data successfully and populates state
[22m[39mAn update to TestComponent inside a test was not wrapped in act(...).

When testing, code that causes React state updates should be wrapped into act(...):

act(() => {
  /* fire events that update state */
});
/* assert on the output */

This ensures that you're testing the behavior the user would see in the browser. Learn more at 
https://react.dev/link/wrap-tests-with-act
An update to TestComponent inside a test was not wrapped in act(...).

When testing, code that causes React state updates should be wrapped into act(...):

act(() => {
  /* fire events that update state */
});
/* assert on the output */

This ensures that you're testing the behavior the user would see in the browser. Learn more at 
https://react.dev/link/wrap-tests-with-act

[90mstderr[2m | src/features/dashboard/hooks/__tests__/useLeaderDashboard.test.js[2m > [22m[2museLeaderDashboard 
Hook[2m > [22m[2mhandles empty responses or errors gracefully
[22m[39mNo se pudieron cargar los insights de Gemini Error: Health Error
    at C:/Users/aalcala/Desktop/Proyecto/Mchav-Analytics-Frontend/src/features/dashboard/hooks/__tests__/useLeaderDashb
oard.test.js:76:54
    at [90mfile:///C:/Users/aalcala/Desktop/Proyecto/Mchav-Analytics-Frontend/[39mnode_modules/[4m@vitest/runner[24
m/dist/chunk-artifact.js:302:11
    at [90mfile:///C:/Users/aalcala/Desktop/Proyecto/Mchav-Analytics-Frontend/[39mnode_modules/[4m@vitest/runner[24
m/dist/chunk-artifact.js:1903:26
    at [90mfile:///C:/Users/aalcala/Desktop/Proyecto/Mchav-Analytics-Frontend/[39mnode_modules/[4m@vitest/runner[24
m/dist/chunk-artifact.js:2326:20
    at new Promise (<anonymous>)
    at runWithCancel [90m(file:///C:/Users/aalcala/Desktop/Proyecto/Mchav-Analytics-Frontend/[39mnode_modules/[4m@vi
test/runner[24m/dist/chunk-artifact.js:2323:10[90m)[39m
    at [90mfile:///C:/Users/aalcala/Desktop/Proyecto/Mchav-Analytics-Frontend/[39mnode_modules/[4m@vitest/runner[24
m/dist/chunk-artifact.js:2305:20
    at new Promise (<anonymous>)
    at runWithTimeout [90m(file:///C:/Users/aalcala/Desktop/Proyecto/Mchav-Analytics-Frontend/[39mnode_modules/[4m@v
itest/runner[24m/dist/chunk-artifact.js:2272:10[90m)[39m
    at [90mfile:///C:/Users/aalcala/Desktop/Proyecto/Mchav-Analytics-Frontend/[39mnode_modules/[4m@vitest/runner[24
m/dist/chunk-artifact.js:2956:64

[90mstderr[2m | src/features/dashboard/hooks/__tests__/useLeaderDashboard.test.js[2m > [22m[2museLeaderDashboard 
Hook[2m > [22m[2mhandles empty responses or errors gracefully
[22m[39mAn update to TestComponent inside a test was not wrapped in act(...).

When testing, code that causes React state updates should be wrapped into act(...):

act(() => {
  /* fire events that update state */
});
/* assert on the output */

This ensures that you're testing the behavior the user would see in the browser. Learn more at 
https://react.dev/link/wrap-tests-with-act

[90mstderr[2m | src/features/dashboard/hooks/__tests__/useLeaderDashboard.test.js[2m > [22m[2museLeaderDashboard 
Hook[2m > [22m[2mhandles empty responses or errors gracefully
[22m[39mNo se pudieron cargar issues cr├¡ticos Error: JQL Error
    at C:/Users/aalcala/Desktop/Proyecto/Mchav-Analytics-Frontend/src/features/dashboard/hooks/__tests__/useLeaderDashb
oard.test.js:79:45
    at [90mfile:///C:/Users/aalcala/Desktop/Proyecto/Mchav-Analytics-Frontend/[39mnode_modules/[4m@vitest/runner[24
m/dist/chunk-artifact.js:302:11
    at [90mfile:///C:/Users/aalcala/Desktop/Proyecto/Mchav-Analytics-Frontend/[39mnode_modules/[4m@vitest/runner[24
m/dist/chunk-artifact.js:1903:26
    at [90mfile:///C:/Users/aalcala/Desktop/Proyecto/Mchav-Analytics-Frontend/[39mnode_modules/[4m@vitest/runner[24
m/dist/chunk-artifact.js:2326:20
    at new Promise (<anonymous>)
    at runWithCancel [90m(file:///C:/Users/aalcala/Desktop/Proyecto/Mchav-Analytics-Frontend/[39mnode_modules/[4m@vi
test/runner[24m/dist/chunk-artifact.js:2323:10[90m)[39m
    at [90mfile:///C:/Users/aalcala/Desktop/Proyecto/Mchav-Analytics-Frontend/[39mnode_modules/[4m@vitest/runner[24
m/dist/chunk-artifact.js:2305:20
    at new Promise (<anonymous>)
    at runWithTimeout [90m(file:///C:/Users/aalcala/Desktop/Proyecto/Mchav-Analytics-Frontend/[39mnode_modules/[4m@v
itest/runner[24m/dist/chunk-artifact.js:2272:10[90m)[39m
    at [90mfile:///C:/Users/aalcala/Desktop/Proyecto/Mchav-Analytics-Frontend/[39mnode_modules/[4m@vitest/runner[24
m/dist/chunk-artifact.js:2956:64
An update to TestComponent inside a test was not wrapped in act(...).

When testing, code that causes React state updates should be wrapped into act(...):

act(() => {
  /* fire events that update state */
});
/* assert on the output */

This ensures that you're testing the behavior the user would see in the browser. Learn more at 
https://react.dev/link/wrap-tests-with-act

[90mstderr[2m | src/features/dashboard/hooks/__tests__/useLeaderDashboard.test.js[2m > [22m[2museLeaderDashboard 
Hook[2m > [22m[2mhandles empty responses or errors gracefully
[22m[39mNo se pudieron cargar los sprints Error: Sprints Error
    at C:/Users/aalcala/Desktop/Proyecto/Mchav-Analytics-Frontend/src/features/dashboard/hooks/__tests__/useLeaderDashb
oard.test.js:80:49
    at [90mfile:///C:/Users/aalcala/Desktop/Proyecto/Mchav-Analytics-Frontend/[39mnode_modules/[4m@vitest/runner[24
m/dist/chunk-artifact.js:302:11
    at [90mfile:///C:/Users/aalcala/Desktop/Proyecto/Mchav-Analytics-Frontend/[39mnode_modules/[4m@vitest/runner[24
m/dist/chunk-artifact.js:1903:26
    at [90mfile:///C:/Users/aalcala/Desktop/Proyecto/Mchav-Analytics-Frontend/[39mnode_modules/[4m@vitest/runner[24
m/dist/chunk-artifact.js:2326:20
    at new Promise (<anonymous>)
    at runWithCancel [90m(file:///C:/Users/aalcala/Desktop/Proyecto/Mchav-Analytics-Frontend/[39mnode_modules/[4m@vi
test/runner[24m/dist/chunk-artifact.js:2323:10[90m)[39m
    at [90mfile:///C:/Users/aalcala/Desktop/Proyecto/Mchav-Analytics-Frontend/[39mnode_modules/[4m@vitest/runner[24
m/dist/chunk-artifact.js:2305:20
    at new Promise (<anonymous>)
    at runWithTimeout [90m(file:///C:/Users/aalcala/Desktop/Proyecto/Mchav-Analytics-Frontend/[39mnode_modules/[4m@v
itest/runner[24m/dist/chunk-artifact.js:2272:10[90m)[39m
    at [90mfile:///C:/Users/aalcala/Desktop/Proyecto/Mchav-Analytics-Frontend/[39mnode_modules/[4m@vitest/runner[24
m/dist/chunk-artifact.js:2956:64
An update to TestComponent inside a test was not wrapped in act(...).

When testing, code that causes React state updates should be wrapped into act(...):

act(() => {
  /* fire events that update state */
});
/* assert on the output */

This ensures that you're testing the behavior the user would see in the browser. Learn more at 
https://react.dev/link/wrap-tests-with-act

[90mstderr[2m | src/features/dashboard/hooks/__tests__/useLeaderDashboard.test.js[2m > [22m[2museLeaderDashboard 
Hook[2m > [22m[2mhandles reassigning an issue
[22m[39mAn update to TestComponent inside a test was not wrapped in act(...).

When testing, code that causes React state updates should be wrapped into act(...):

act(() => {
  /* fire events that update state */
});
/* assert on the output */

This ensures that you're testing the behavior the user would see in the browser. Learn more at 
https://react.dev/link/wrap-tests-with-act

[90mstderr[2m | src/features/dashboard/hooks/__tests__/useLeaderDashboard.test.js[2m > [22m[2museLeaderDashboard 
Hook[2m > [22m[2mhandles reassigning an issue
[22m[39mAn update to TestComponent inside a test was not wrapped in act(...).

When testing, code that causes React state updates should be wrapped into act(...):

act(() => {
  /* fire events that update state */
});
/* assert on the output */

This ensures that you're testing the behavior the user would see in the browser. Learn more at 
https://react.dev/link/wrap-tests-with-act

[90mstderr[2m | src/features/dashboard/hooks/__tests__/useLeaderDashboard.test.js[2m > [22m[2museLeaderDashboard 
Hook[2m > [22m[2mhandles reassigning an issue
[22m[39mAn update to TestComponent inside a test was not wrapped in act(...).

When testing, code that causes React state updates should be wrapped into act(...):

act(() => {
  /* fire events that update state */
});
/* assert on the output */

This ensures that you're testing the behavior the user would see in the browser. Learn more at 
https://react.dev/link/wrap-tests-with-act

[90mstderr[2m | src/features/dashboard/hooks/__tests__/useLeaderDashboard.test.js[2m > [22m[2museLeaderDashboard 
Hook[2m > [22m[2mhandles notifying dev and exporting pdf
[22m[39mAn update to TestComponent inside a test was not wrapped in act(...).

When testing, code that causes React state updates should be wrapped into act(...):

act(() => {
  /* fire events that update state */
});
/* assert on the output */

This ensures that you're testing the behavior the user would see in the browser. Learn more at 
https://react.dev/link/wrap-tests-with-act

[90mstderr[2m | src/features/dashboard/hooks/__tests__/useLeaderDashboard.test.js[2m > [22m[2museLeaderDashboard 
Hook[2m > [22m[2mhandles notifying dev and exporting pdf
[22m[39mAn update to TestComponent inside a test was not wrapped in act(...).

When testing, code that causes React state updates should be wrapped into act(...):

act(() => {
  /* fire events that update state */
});
/* assert on the output */

This ensures that you're testing the behavior the user would see in the browser. Learn more at 
https://react.dev/link/wrap-tests-with-act

[90mstderr[2m | src/features/dashboard/hooks/__tests__/useLeaderDashboard.test.js[2m > [22m[2museLeaderDashboard 
Hook[2m > [22m[2mhandles notifying dev and exporting pdf
[22m[39mAn update to TestComponent inside a test was not wrapped in act(...).

When testing, code that causes React state updates should be wrapped into act(...):

act(() => {
  /* fire events that update state */
});
/* assert on the output */

This ensures that you're testing the behavior the user would see in the browser. Learn more at 
https://react.dev/link/wrap-tests-with-act

 [32mÔ£ô[39m src/features/dashboard/hooks/__tests__/useLeaderDashboard.test.js [2m([22m[2m4 tests[22m[2m)[22m[33m 368[2mms[22m[39m
[90mstderr[2m | src/features/dashboard/hooks/__tests__/useSprintHealth.test.js[2m > [22m[2museSprintHealth 
Hook[2m > [22m[2mfetches sprints and sets the first one as selected on mount
[22m[39mAn update to TestComponent inside a test was not wrapped in act(...).

When testing, code that causes React state updates should be wrapped into act(...):

act(() => {
  /* fire events that update state */
});
/* assert on the output */

This ensures that you're testing the behavior the user would see in the browser. Learn more at 
https://react.dev/link/wrap-tests-with-act
An update to TestComponent inside a test was not wrapped in act(...).

When testing, code that causes React state updates should be wrapped into act(...):

act(() => {
  /* fire events that update state */
});
/* assert on the output */

This ensures that you're testing the behavior the user would see in the browser. Learn more at 
https://react.dev/link/wrap-tests-with-act

[90mstderr[2m | src/features/dashboard/hooks/__tests__/useSprintHealth.test.js[2m > [22m[2museSprintHealth 
Hook[2m > [22m[2mfetches sprints and sets the first one as selected on mount
[22m[39mAn update to TestComponent inside a test was not wrapped in act(...).

When testing, code that causes React state updates should be wrapped into act(...):

act(() => {
  /* fire events that update state */
});
/* assert on the output */

This ensures that you're testing the behavior the user would see in the browser. Learn more at 
https://react.dev/link/wrap-tests-with-act

[90mstderr[2m | src/features/dashboard/hooks/__tests__/useSprintHealth.test.js[2m > [22m[2museSprintHealth 
Hook[2m > [22m[2mfetches sprints and sets the first one as selected on mount
[22m[39mAn update to TestComponent inside a test was not wrapped in act(...).

When testing, code that causes React state updates should be wrapped into act(...):

act(() => {
  /* fire events that update state */
});
/* assert on the output */

This ensures that you're testing the behavior the user would see in the browser. Learn more at 
https://react.dev/link/wrap-tests-with-act
An update to TestComponent inside a test was not wrapped in act(...).

When testing, code that causes React state updates should be wrapped into act(...):

act(() => {
  /* fire events that update state */
});
/* assert on the output */

This ensures that you're testing the behavior the user would see in the browser. Learn more at 
https://react.dev/link/wrap-tests-with-act

[90mstderr[2m | src/features/dashboard/hooks/__tests__/useSprintHealth.test.js[2m > [22m[2museSprintHealth 
Hook[2m > [22m[2mhandles empty sprints list
[22m[39mAn update to TestComponent inside a test was not wrapped in act(...).

When testing, code that causes React state updates should be wrapped into act(...):

act(() => {
  /* fire events that update state */
});
/* assert on the output */

This ensures that you're testing the behavior the user would see in the browser. Learn more at 
https://react.dev/link/wrap-tests-with-act
An update to TestComponent inside a test was not wrapped in act(...).

When testing, code that causes React state updates should be wrapped into act(...):

act(() => {
  /* fire events that update state */
});
/* assert on the output */

This ensures that you're testing the behavior the user would see in the browser. Learn more at 
https://react.dev/link/wrap-tests-with-act

[90mstderr[2m | src/features/dashboard/hooks/__tests__/useSprintHealth.test.js[2m > [22m[2museSprintHealth 
Hook[2m > [22m[2mhandles getSprints error
[22m[39mAviso: Error cargando sprints del proyecto: Error: Network Error
    at C:/Users/aalcala/Desktop/Proyecto/Mchav-Analytics-Frontend/src/features/dashboard/hooks/__tests__/useSprintHealt
h.test.js:64:49
    at [90mfile:///C:/Users/aalcala/Desktop/Proyecto/Mchav-Analytics-Frontend/[39mnode_modules/[4m@vitest/runner[24
m/dist/chunk-artifact.js:302:11
    at [90mfile:///C:/Users/aalcala/Desktop/Proyecto/Mchav-Analytics-Frontend/[39mnode_modules/[4m@vitest/runner[24
m/dist/chunk-artifact.js:1903:26
    at [90mfile:///C:/Users/aalcala/Desktop/Proyecto/Mchav-Analytics-Frontend/[39mnode_modules/[4m@vitest/runner[24
m/dist/chunk-artifact.js:2326:20
    at new Promise (<anonymous>)
    at runWithCancel [90m(file:///C:/Users/aalcala/Desktop/Proyecto/Mchav-Analytics-Frontend/[39mnode_modules/[4m@vi
test/runner[24m/dist/chunk-artifact.js:2323:10[90m)[39m
    at [90mfile:///C:/Users/aalcala/Desktop/Proyecto/Mchav-Analytics-Frontend/[39mnode_modules/[4m@vitest/runner[24
m/dist/chunk-artifact.js:2305:20
    at new Promise (<anonymous>)
    at runWithTimeout [90m(file:///C:/Users/aalcala/Desktop/Proyecto/Mchav-Analytics-Frontend/[39mnode_modules/[4m@v
itest/runner[24m/dist/chunk-artifact.js:2272:10[90m)[39m
    at [90mfile:///C:/Users/aalcala/Desktop/Proyecto/Mchav-Analytics-Frontend/[39mnode_modules/[4m@vitest/runner[24
m/dist/chunk-artifact.js:2956:64
An update to TestComponent inside a test was not wrapped in act(...).

When testing, code that causes React state updates should be wrapped into act(...):

act(() => {
  /* fire events that update state */
});
/* assert on the output */

This ensures that you're testing the behavior the user would see in the browser. Learn more at 
https://react.dev/link/wrap-tests-with-act
An update to TestComponent inside a test was not wrapped in act(...).

When testing, code that causes React state updates should be wrapped into act(...):

act(() => {
  /* fire events that update state */
});
/* assert on the output */

This ensures that you're testing the behavior the user would see in the browser. Learn more at 
https://react.dev/link/wrap-tests-with-act

[90mstderr[2m | src/features/dashboard/hooks/__tests__/useSprintHealth.test.js[2m > [22m[2museSprintHealth 
Hook[2m > [22m[2mhandles getSprintHealth error
[22m[39mAn update to TestComponent inside a test was not wrapped in act(...).

When testing, code that causes React state updates should be wrapped into act(...):

act(() => {
  /* fire events that update state */
});
/* assert on the output */

This ensures that you're testing the behavior the user would see in the browser. Learn more at 
https://react.dev/link/wrap-tests-with-act
An update to TestComponent inside a test was not wrapped in act(...).

When testing, code that causes React state updates should be wrapped into act(...):

act(() => {
  /* fire events that update state */
});
/* assert on the output */

This ensures that you're testing the behavior the user would see in the browser. Learn more at 
https://react.dev/link/wrap-tests-with-act

[90mstderr[2m | src/features/dashboard/hooks/__tests__/useSprintHealth.test.js[2m > [22m[2museSprintHealth 
Hook[2m > [22m[2mhandles getSprintHealth error
[22m[39mAn update to TestComponent inside a test was not wrapped in act(...).

When testing, code that causes React state updates should be wrapped into act(...):

act(() => {
  /* fire events that update state */
});
/* assert on the output */

This ensures that you're testing the behavior the user would see in the browser. Learn more at 
https://react.dev/link/wrap-tests-with-act

[90mstderr[2m | src/features/dashboard/hooks/__tests__/useSprintHealth.test.js[2m > [22m[2museSprintHealth 
Hook[2m > [22m[2mhandles getSprintHealth error
[22m[39mError al obtener la salud del sprint: Error: API Error
    at C:/Users/aalcala/Desktop/Proyecto/Mchav-Analytics-Frontend/src/features/dashboard/hooks/__tests__/useSprintHealt
h.test.js:82:54
    at [90mfile:///C:/Users/aalcala/Desktop/Proyecto/Mchav-Analytics-Frontend/[39mnode_modules/[4m@vitest/runner[24
m/dist/chunk-artifact.js:302:11
    at [90mfile:///C:/Users/aalcala/Desktop/Proyecto/Mchav-Analytics-Frontend/[39mnode_modules/[4m@vitest/runner[24
m/dist/chunk-artifact.js:1903:26
    at [90mfile:///C:/Users/aalcala/Desktop/Proyecto/Mchav-Analytics-Frontend/[39mnode_modules/[4m@vitest/runner[24
m/dist/chunk-artifact.js:2326:20
    at new Promise (<anonymous>)
    at runWithCancel [90m(file:///C:/Users/aalcala/Desktop/Proyecto/Mchav-Analytics-Frontend/[39mnode_modules/[4m@vi
test/runner[24m/dist/chunk-artifact.js:2323:10[90m)[39m
    at [90mfile:///C:/Users/aalcala/Desktop/Proyecto/Mchav-Analytics-Frontend/[39mnode_modules/[4m@vitest/runner[24
m/dist/chunk-artifact.js:2305:20
    at new Promise (<anonymous>)
    at runWithTimeout [90m(file:///C:/Users/aalcala/Desktop/Proyecto/Mchav-Analytics-Frontend/[39mnode_modules/[4m@v
itest/runner[24m/dist/chunk-artifact.js:2272:10[90m)[39m
    at [90mfile:///C:/Users/aalcala/Desktop/Proyecto/Mchav-Analytics-Frontend/[39mnode_modules/[4m@vitest/runner[24
m/dist/chunk-artifact.js:2956:64
An update to TestComponent inside a test was not wrapped in act(...).

When testing, code that causes React state updates should be wrapped into act(...):

act(() => {
  /* fire events that update state */
});
/* assert on the output */

This ensures that you're testing the behavior the user would see in the browser. Learn more at 
https://react.dev/link/wrap-tests-with-act

[90mstderr[2m | src/features/dashboard/hooks/__tests__/useSprintHealth.test.js[2m > [22m[2museSprintHealth 
Hook[2m > [22m[2mtranslates stages correctly
[22m[39mAn update to TestComponent inside a test was not wrapped in act(...).

When testing, code that causes React state updates should be wrapped into act(...):

act(() => {
  /* fire events that update state */
});
/* assert on the output */

This ensures that you're testing the behavior the user would see in the browser. Learn more at 
https://react.dev/link/wrap-tests-with-act
An update to TestComponent inside a test was not wrapped in act(...).

When testing, code that causes React state updates should be wrapped into act(...):

act(() => {
  /* fire events that update state */
});
/* assert on the output */

This ensures that you're testing the behavior the user would see in the browser. Learn more at 
https://react.dev/link/wrap-tests-with-act

[90mstderr[2m | src/features/dashboard/hooks/__tests__/useSprintHealth.test.js[2m > [22m[2museSprintHealth 
Hook[2m > [22m[2mtranslates stages correctly
[22m[39mAn update to TestComponent inside a test was not wrapped in act(...).

When testing, code that causes React state updates should be wrapped into act(...):

act(() => {
  /* fire events that update state */
});
/* assert on the output */

This ensures that you're testing the behavior the user would see in the browser. Learn more at 
https://react.dev/link/wrap-tests-with-act

[90mstderr[2m | src/features/dashboard/hooks/__tests__/useSprintHealth.test.js[2m > [22m[2museSprintHealth 
Hook[2m > [22m[2mtranslates stages correctly
[22m[39mAn update to TestComponent inside a test was not wrapped in act(...).

When testing, code that causes React state updates should be wrapped into act(...):

act(() => {
  /* fire events that update state */
});
/* assert on the output */

This ensures that you're testing the behavior the user would see in the browser. Learn more at 
https://react.dev/link/wrap-tests-with-act
An update to TestComponent inside a test was not wrapped in act(...).

When testing, code that causes React state updates should be wrapped into act(...):

act(() => {
  /* fire events that update state */
});
/* assert on the output */

This ensures that you're testing the behavior the user would see in the browser. Learn more at 
https://react.dev/link/wrap-tests-with-act

[90mstderr[2m | src/features/dashboard/hooks/__tests__/useSprintHealth.test.js[2m > [22m[2museSprintHealth 
Hook[2m > [22m[2mchanges selected sprint and fetches new health data
[22m[39mAn update to TestComponent inside a test was not wrapped in act(...).

When testing, code that causes React state updates should be wrapped into act(...):

act(() => {
  /* fire events that update state */
});
/* assert on the output */

This ensures that you're testing the behavior the user would see in the browser. Learn more at 
https://react.dev/link/wrap-tests-with-act
An update to TestComponent inside a test was not wrapped in act(...).

When testing, code that causes React state updates should be wrapped into act(...):

act(() => {
  /* fire events that update state */
});
/* assert on the output */

This ensures that you're testing the behavior the user would see in the browser. Learn more at 
https://react.dev/link/wrap-tests-with-act

[90mstderr[2m | src/features/dashboard/hooks/__tests__/useSprintHealth.test.js[2m > [22m[2museSprintHealth 
Hook[2m > [22m[2mchanges selected sprint and fetches new health data
[22m[39mAn update to TestComponent inside a test was not wrapped in act(...).

When testing, code that causes React state updates should be wrapped into act(...):

act(() => {
  /* fire events that update state */
});
/* assert on the output */

This ensures that you're testing the behavior the user would see in the browser. Learn more at 
https://react.dev/link/wrap-tests-with-act

[90mstderr[2m | src/features/dashboard/hooks/__tests__/useSprintHealth.test.js[2m > [22m[2museSprintHealth 
Hook[2m > [22m[2mchanges selected sprint and fetches new health data
[22m[39mAn update to TestComponent inside a test was not wrapped in act(...).

When testing, code that causes React state updates should be wrapped into act(...):

act(() => {
  /* fire events that update state */
});
/* assert on the output */

This ensures that you're testing the behavior the user would see in the browser. Learn more at 
https://react.dev/link/wrap-tests-with-act
An update to TestComponent inside a test was not wrapped in act(...).

When testing, code that causes React state updates should be wrapped into act(...):

act(() => {
  /* fire events that update state */
});
/* assert on the output */

This ensures that you're testing the behavior the user would see in the browser. Learn more at 
https://react.dev/link/wrap-tests-with-act

[90mstderr[2m | src/features/dashboard/hooks/__tests__/useSprintHealth.test.js[2m > [22m[2museSprintHealth 
Hook[2m > [22m[2mchanges selected sprint and fetches new health data
[22m[39mAn update to TestComponent inside a test was not wrapped in act(...).

When testing, code that causes React state updates should be wrapped into act(...):

act(() => {
  /* fire events that update state */
});
/* assert on the output */

This ensures that you're testing the behavior the user would see in the browser. Learn more at 
https://react.dev/link/wrap-tests-with-act
An update to TestComponent inside a test was not wrapped in act(...).

When testing, code that causes React state updates should be wrapped into act(...):

act(() => {
  /* fire events that update state */
});
/* assert on the output */

This ensures that you're testing the behavior the user would see in the browser. Learn more at 
https://react.dev/link/wrap-tests-with-act

 [32mÔ£ô[39m src/features/dashboard/hooks/__tests__/useSprintHealth.test.js [2m([22m[2m6 tests[22m[2m)[22m[33m 430[2mms[22m[39m
 [32mÔ£ô[39m src/features/users/components/__tests__/AdminRolesSummary.test.tsx [2m([22m[2m3 tests[22m[2m)[22m[32m 293[2mms[22m[39m
 [32mÔ£ô[39m src/features/projects/components/__tests__/ProjectCard.test.jsx [2m([22m[2m6 tests[22m[2m)[22m[33m 433[2mms[22m[39m
 [32mÔ£ô[39m src/features/dashboard/views/__tests__/CapacityCalculatorView.test.jsx [2m([22m[2m3 tests[22m[2m)[22m[33m 429[2mms[22m[39m
 [32mÔ£ô[39m src/features/auth/components/__tests__/ProfileSettingsModal.test.jsx [2m([22m[2m2 tests[22m[2m)[22m[33m 328[2mms[22m[39m
     [33m[2mÔ£ô[22m[39m renders correctly when open [33m 314[2mms[22m[39m
 [32mÔ£ô[39m src/features/dashboard/views/__tests__/DevWorkloadView.test.jsx [2m([22m[2m1 test[22m[2m)[22m[32m 261[2mms[22m[39m
[90mstderr[2m | src/features/dashboard/views/__tests__/LiderTecnicoDashboardView.test.jsx[2m > 
[22m[2mLiderTecnicoDashboardView[2m > [22m[2mrenders correctly without crashing
[22m[39mAn update to LiderTecnicoDashboardView inside a test was not wrapped in act(...).

When testing, code that causes React state updates should be wrapped into act(...):

act(() => {
  /* fire events that update state */
});
/* assert on the output */

This ensures that you're testing the behavior the user would see in the browser. Learn more at 
https://react.dev/link/wrap-tests-with-act

[90mstderr[2m | src/features/dashboard/views/__tests__/LiderTecnicoDashboardView.test.jsx[2m > 
[22m[2mLiderTecnicoDashboardView[2m > [22m[2mrenders correctly without crashing
[22m[39mNo se pudieron cargar issues cr├¡ticos Error: [vitest] No "jqlService" export is defined on the 
"../../../../services/api" mock. Did you forget to return it from "vi.mock"?
If you need to partially mock a module, you can use "importOriginal" helper inside:

    at VitestMocker.createError [90m(file:///C:/Users/aalcala/Desktop/Proyecto/Mchav-Analytics-Frontend/[39mnode_modu
les/[4mvitest[24m/dist/chunks/startVitestModuleRunner.DB-7oCpn.js:62:17[90m)[39m
    at Object.get [90m(file:///C:/Users/aalcala/Desktop/Proyecto/Mchav-Analytics-Frontend/[39mnode_modules/[4mvitest
[24m/dist/chunks/startVitestModuleRunner.DB-7oCpn.js:327:16[90m)[39m
    at loadRealData 
(C:/Users/aalcala/Desktop/Proyecto/Mchav-Analytics-Frontend/src/features/dashboard/hooks/useLeaderDashboard.js:58:32)
[90m    at processTicksAndRejections (node:internal/process/task_queues:105:5)[39m {
  codeFrame: [32m'vi.mock(import("../../../../services/api"), async (importOriginal) => {\n'[39m +
    [32m'  const actual = await importOriginal()\n'[39m +
    [32m'  return {\n'[39m +
    [32m'    ...actual,\n'[39m +
    [32m'    // your mocked methods\n'[39m +
    [32m'  }\n'[39m +
    [32m'})'[39m
}
An update to LiderTecnicoDashboardView inside a test was not wrapped in act(...).

When testing, code that causes React state updates should be wrapped into act(...):

act(() => {
  /* fire events that update state */
});
/* assert on the output */

This ensures that you're testing the behavior the user would see in the browser. Learn more at 
https://react.dev/link/wrap-tests-with-act
No se pudieron cargar los sprints TypeError: __vite_ssr_import_1__.projectService.getSprints is not a function
    at loadRealData 
(C:/Users/aalcala/Desktop/Proyecto/Mchav-Analytics-Frontend/src/features/dashboard/hooks/useLeaderDashboard.js:75:48)
[90m    at processTicksAndRejections (node:internal/process/task_queues:105:5)[39m
An update to LiderTecnicoDashboardView inside a test was not wrapped in act(...).

When testing, code that causes React state updates should be wrapped into act(...):

act(() => {
  /* fire events that update state */
});
/* assert on the output */

This ensures that you're testing the behavior the user would see in the browser. Learn more at 
https://react.dev/link/wrap-tests-with-act

 [32mÔ£ô[39m src/features/dashboard/views/__tests__/LiderTecnicoDashboardView.test.jsx [2m([22m[2m1 test[22m[2m)[22m[33m 378[2mms[22m[39m
     [33m[2mÔ£ô[22m[39m renders correctly without crashing [33m 370[2mms[22m[39m
 [32mÔ£ô[39m src/features/projects/components/__tests__/ProjectTeam.test.jsx [2m([22m[2m2 tests[22m[2m)[22m[32m 201[2mms[22m[39m
 [32mÔ£ô[39m src/components/layout/__tests__/MainLayout.test.jsx [2m([22m[2m2 tests[22m[2m)[22m[32m 235[2mms[22m[39m
[90mstderr[2m | src/features/dashboard/__tests__/useDevAlerts.test.js[2m > [22m[2mHook: useDevAlerts (Fase 
4.3)[2m > [22m[2mdebe manejar error al obtener alertas
[22m[39mError cargando alertas: Error: API failed
    at 
C:/Users/aalcala/Desktop/Proyecto/Mchav-Analytics-Frontend/src/features/dashboard/__tests__/useDevAlerts.test.js:64:57
    at [90mfile:///C:/Users/aalcala/Desktop/Proyecto/Mchav-Analytics-Frontend/[39mnode_modules/[4m@vitest/runner[24
m/dist/chunk-artifact.js:302:11
    at [90mfile:///C:/Users/aalcala/Desktop/Proyecto/Mchav-Analytics-Frontend/[39mnode_modules/[4m@vitest/runner[24
m/dist/chunk-artifact.js:1903:26
    at [90mfile:///C:/Users/aalcala/Desktop/Proyecto/Mchav-Analytics-Frontend/[39mnode_modules/[4m@vitest/runner[24
m/dist/chunk-artifact.js:2326:20
    at new Promise (<anonymous>)
    at runWithCancel [90m(file:///C:/Users/aalcala/Desktop/Proyecto/Mchav-Analytics-Frontend/[39mnode_modules/[4m@vi
test/runner[24m/dist/chunk-artifact.js:2323:10[90m)[39m
    at [90mfile:///C:/Users/aalcala/Desktop/Proyecto/Mchav-Analytics-Frontend/[39mnode_modules/[4m@vitest/runner[24
m/dist/chunk-artifact.js:2305:20
    at new Promise (<anonymous>)
    at runWithTimeout [90m(file:///C:/Users/aalcala/Desktop/Proyecto/Mchav-Analytics-Frontend/[39mnode_modules/[4m@v
itest/runner[24m/dist/chunk-artifact.js:2272:10[90m)[39m
    at [90mfile:///C:/Users/aalcala/Desktop/Proyecto/Mchav-Analytics-Frontend/[39mnode_modules/[4m@vitest/runner[24
m/dist/chunk-artifact.js:2956:64

 [32mÔ£ô[39m src/features/dashboard/__tests__/useDevAlerts.test.js [2m([22m[2m4 tests[22m[2m)[22m[32m 224[2mms[22m[39m
 [32mÔ£ô[39m src/features/dashboard/views/__tests__/DevAlertsView.test.jsx [2m([22m[2m3 tests[22m[2m)[22m[32m 191[2mms[22m[39m
 [32mÔ£ô[39m src/features/dashboard/components/__tests__/PercentilesChart.test.jsx [2m([22m[2m3 tests[22m[2m)[22m[32m 202[2mms[22m[39m
 [32mÔ£ô[39m src/components/ui/__tests__/AiChatModal.test.jsx [2m([22m[2m2 tests[22m[2m)[22m[32m 231[2mms[22m[39m
 [32mÔ£ô[39m src/__tests__/App.test.jsx [2m([22m[2m5 tests[22m[2m)[22m[33m 344[2mms[22m[39m
 [32mÔ£ô[39m src/features/dashboard/views/__tests__/TeamMatrixView.test.jsx [2m([22m[2m1 test[22m[2m)[22m[32m 275[2mms[22m[39m
 [32mÔ£ô[39m src/features/sync/hooks/__tests__/useSystemSync.test.ts [2m([22m[2m3 tests[22m[2m)[22m[32m 237[2mms[22m[39m
 [32mÔ£ô[39m src/features/dashboard/hooks/__tests__/useDeveloperWorkload.test.js [2m([22m[2m2 tests[22m[2m)[22m[32m 238[2mms[22m[39m
 [32mÔ£ô[39m src/features/jql/views/__tests__/JqlConsultasView.test.jsx [2m([22m[2m1 test[22m[2m)[22m[32m 257[2mms[22m[39m
 [32mÔ£ô[39m src/features/sync/hooks/__tests__/useJqlConsole.test.ts [2m([22m[2m6 tests[22m[2m)[22m[32m 183[2mms[22m[39m
[90mstderr[2m | src/features/dashboard/hooks/__tests__/useDailyFocus.test.js[2m > [22m[2museDailyFocus Hook[2m > 
[22m[2mfetches issues on mount and syncs with Jira
[22m[39mAn update to TestComponent inside a test was not wrapped in act(...).

When testing, code that causes React state updates should be wrapped into act(...):

act(() => {
  /* fire events that update state */
});
/* assert on the output */

This ensures that you're testing the behavior the user would see in the browser. Learn more at 
https://react.dev/link/wrap-tests-with-act

[90mstderr[2m | src/features/dashboard/hooks/__tests__/useDailyFocus.test.js[2m > [22m[2museDailyFocus Hook[2m > 
[22m[2mfetches issues on mount and syncs with Jira
[22m[39mAn update to TestComponent inside a test was not wrapped in act(...).

When testing, code that causes React state updates should be wrapped into act(...):

act(() => {
  /* fire events that update state */
});
/* assert on the output */

This ensures that you're testing the behavior the user would see in the browser. Learn more at 
https://react.dev/link/wrap-tests-with-act
An update to TestComponent inside a test was not wrapped in act(...).

When testing, code that causes React state updates should be wrapped into act(...):

act(() => {
  /* fire events that update state */
});
/* assert on the output */

This ensures that you're testing the behavior the user would see in the browser. Learn more at 
https://react.dev/link/wrap-tests-with-act

[90mstderr[2m | src/features/dashboard/hooks/__tests__/useDailyFocus.test.js[2m > [22m[2museDailyFocus Hook[2m > 
[22m[2mfetches issues on mount and syncs with Jira
[22m[39mAn update to TestComponent inside a test was not wrapped in act(...).

When testing, code that causes React state updates should be wrapped into act(...):

act(() => {
  /* fire events that update state */
});
/* assert on the output */

This ensures that you're testing the behavior the user would see in the browser. Learn more at 
https://react.dev/link/wrap-tests-with-act

[90mstderr[2m | src/features/dashboard/hooks/__tests__/useDailyFocus.test.js[2m > [22m[2museDailyFocus Hook[2m > 
[22m[2mfetches issues on mount and syncs with Jira
[22m[39mAn update to TestComponent inside a test was not wrapped in act(...).

When testing, code that causes React state updates should be wrapped into act(...):

act(() => {
  /* fire events that update state */
});
/* assert on the output */

This ensures that you're testing the behavior the user would see in the browser. Learn more at 
https://react.dev/link/wrap-tests-with-act

[90mstderr[2m | src/features/dashboard/hooks/__tests__/useDailyFocus.test.js[2m > [22m[2museDailyFocus Hook[2m > 
[22m[2madds and deletes a note
[22m[39mAn update to TestComponent inside a test was not wrapped in act(...).

When testing, code that causes React state updates should be wrapped into act(...):

act(() => {
  /* fire events that update state */
});
/* assert on the output */

This ensures that you're testing the behavior the user would see in the browser. Learn more at 
https://react.dev/link/wrap-tests-with-act

[90mstderr[2m | src/features/dashboard/hooks/__tests__/useDailyFocus.test.js[2m > [22m[2museDailyFocus Hook[2m > 
[22m[2madds and deletes a note
[22m[39mAn update to TestComponent inside a test was not wrapped in act(...).

When testing, code that causes React state updates should be wrapped into act(...):

act(() => {
  /* fire events that update state */
});
/* assert on the output */

This ensures that you're testing the behavior the user would see in the browser. Learn more at 
https://react.dev/link/wrap-tests-with-act
An update to TestComponent inside a test was not wrapped in act(...).

When testing, code that causes React state updates should be wrapped into act(...):

act(() => {
  /* fire events that update state */
});
/* assert on the output */

This ensures that you're testing the behavior the user would see in the browser. Learn more at 
https://react.dev/link/wrap-tests-with-act

[90mstderr[2m | src/features/dashboard/hooks/__tests__/useDailyFocus.test.js[2m > [22m[2museDailyFocus Hook[2m > 
[22m[2madds and deletes a note
[22m[39mAn update to TestComponent inside a test was not wrapped in act(...).

When testing, code that causes React state updates should be wrapped into act(...):

act(() => {
  /* fire events that update state */
});
/* assert on the output */

This ensures that you're testing the behavior the user would see in the browser. Learn more at 
https://react.dev/link/wrap-tests-with-act

[90mstderr[2m | src/features/dashboard/hooks/__tests__/useDailyFocus.test.js[2m > [22m[2museDailyFocus Hook[2m > 
[22m[2madds and deletes a note
[22m[39mAn update to TestComponent inside a test was not wrapped in act(...).

When testing, code that causes React state updates should be wrapped into act(...):

act(() => {
  /* fire events that update state */
});
/* assert on the output */

This ensures that you're testing the behavior the user would see in the browser. Learn more at 
https://react.dev/link/wrap-tests-with-act

[90mstderr[2m | src/features/dashboard/hooks/__tests__/useDailyFocus.test.js[2m > [22m[2museDailyFocus Hook[2m > 
[22m[2mhandles task focus and updates current page
[22m[39mAn update to TestComponent inside a test was not wrapped in act(...).

When testing, code that causes React state updates should be wrapped into act(...):

act(() => {
  /* fire events that update state */
});
/* assert on the output */

This ensures that you're testing the behavior the user would see in the browser. Learn more at 
https://react.dev/link/wrap-tests-with-act

[90mstderr[2m | src/features/dashboard/hooks/__tests__/useDailyFocus.test.js[2m > [22m[2museDailyFocus Hook[2m > 
[22m[2mhandles task focus and updates current page
[22m[39mAn update to TestComponent inside a test was not wrapped in act(...).

When testing, code that causes React state updates should be wrapped into act(...):

act(() => {
  /* fire events that update state */
});
/* assert on the output */

This ensures that you're testing the behavior the user would see in the browser. Learn more at 
https://react.dev/link/wrap-tests-with-act
An update to TestComponent inside a test was not wrapped in act(...).

When testing, code that causes React state updates should be wrapped into act(...):

act(() => {
  /* fire events that update state */
});
/* assert on the output */

This ensures that you're testing the behavior the user would see in the browser. Learn more at 
https://react.dev/link/wrap-tests-with-act

[90mstderr[2m | src/features/dashboard/hooks/__tests__/useDailyFocus.test.js[2m > [22m[2museDailyFocus Hook[2m > 
[22m[2mhandles task focus and updates current page
[22m[39mAn update to TestComponent inside a test was not wrapped in act(...).

When testing, code that causes React state updates should be wrapped into act(...):

act(() => {
  /* fire events that update state */
});
/* assert on the output */

This ensures that you're testing the behavior the user would see in the browser. Learn more at 
https://react.dev/link/wrap-tests-with-act

[90mstderr[2m | src/features/dashboard/hooks/__tests__/useDailyFocus.test.js[2m > [22m[2museDailyFocus Hook[2m > 
[22m[2mhandles task focus and updates current page
[22m[39mAn update to TestComponent inside a test was not wrapped in act(...).

When testing, code that causes React state updates should be wrapped into act(...):

act(() => {
  /* fire events that update state */
});
/* assert on the output */

This ensures that you're testing the behavior the user would see in the browser. Learn more at 
https://react.dev/link/wrap-tests-with-act

 [32mÔ£ô[39m src/features/dashboard/hooks/__tests__/useDailyFocus.test.js [2m([22m[2m4 tests[22m[2m)[22m[32m 169[2mms[22m[39m
 [32mÔ£ô[39m src/features/dashboard/views/__tests__/TeamDevScorecardsView.test.jsx [2m([22m[2m1 test[22m[2m)[22m[32m 177[2mms[22m[39m
 [32mÔ£ô[39m src/features/dashboard/__tests__/useDashboard.test.js [2m([22m[2m4 tests[22m[2m)[22m[32m 177[2mms[22m[39m
 [32mÔ£ô[39m src/features/dashboard/views/__tests__/SprintHealthView.test.jsx [2m([22m[2m3 tests[22m[2m)[22m[32m 143[2mms[22m[39m
 [32mÔ£ô[39m src/features/auth/__tests__/LoginView.test.jsx [2m([22m[2m2 tests[22m[2m)[22m[32m 155[2mms[22m[39m
 [32mÔ£ô[39m src/features/dashboard/views/__tests__/DailyFocusView.test.jsx [2m([22m[2m2 tests[22m[2m)[22m[32m 137[2mms[22m[39m
 [32mÔ£ô[39m src/features/dashboard/hooks/__tests__/useCapacityCalculator.test.js [2m([22m[2m8 tests[22m[2m)[22m[32m 128[2mms[22m[39m
[90mstderr[2m | src/features/auth/__tests__/useLogin.test.js[2m > [22m[2mHook: useLogin (Fase 4.3)[2m > 
[22m[2mhandleJiraAuth debe manejar errores de autenticaci├│n
[22m[39mError al iniciar autenticaci├│n Jira: Error: Network Error
    at C:/Users/aalcala/Desktop/Proyecto/Mchav-Analytics-Frontend/src/features/auth/__tests__/useLogin.test.js:70:45
    at [90mfile:///C:/Users/aalcala/Desktop/Proyecto/Mchav-Analytics-Frontend/[39mnode_modules/[4m@vitest/runner[24
m/dist/chunk-artifact.js:302:11
    at [90mfile:///C:/Users/aalcala/Desktop/Proyecto/Mchav-Analytics-Frontend/[39mnode_modules/[4m@vitest/runner[24
m/dist/chunk-artifact.js:1903:26
    at [90mfile:///C:/Users/aalcala/Desktop/Proyecto/Mchav-Analytics-Frontend/[39mnode_modules/[4m@vitest/runner[24
m/dist/chunk-artifact.js:2326:20
    at new Promise (<anonymous>)
    at runWithCancel [90m(file:///C:/Users/aalcala/Desktop/Proyecto/Mchav-Analytics-Frontend/[39mnode_modules/[4m@vi
test/runner[24m/dist/chunk-artifact.js:2323:10[90m)[39m
    at [90mfile:///C:/Users/aalcala/Desktop/Proyecto/Mchav-Analytics-Frontend/[39mnode_modules/[4m@vitest/runner[24
m/dist/chunk-artifact.js:2305:20
    at new Promise (<anonymous>)
    at runWithTimeout [90m(file:///C:/Users/aalcala/Desktop/Proyecto/Mchav-Analytics-Frontend/[39mnode_modules/[4m@v
itest/runner[24m/dist/chunk-artifact.js:2272:10[90m)[39m
    at [90mfile:///C:/Users/aalcala/Desktop/Proyecto/Mchav-Analytics-Frontend/[39mnode_modules/[4m@vitest/runner[24
m/dist/chunk-artifact.js:2956:64

 [32mÔ£ô[39m src/features/auth/__tests__/useLogin.test.js [2m([22m[2m4 tests[22m[2m)[22m[32m 98[2mms[22m[39m
 [32mÔ£ô[39m src/hooks/__tests__/useProjectsData.test.js [2m([22m[2m5 tests[22m[2m)[22m[32m 86[2mms[22m[39m
 [32mÔ£ô[39m src/hooks/__tests__/useAnimatedCounter.test.js [2m([22m[2m3 tests[22m[2m)[22m[32m 60[2mms[22m[39m
 [32mÔ£ô[39m src/features/dashboard/utils/__tests__/agendaLogic.test.js [2m([22m[2m11 tests[22m[2m)[22m[32m 64[2mms[22m[39m
 [32mÔ£ô[39m src/services/__tests__/NotificationStore.test.js [2m([22m[2m12 tests[22m[2m)[22m[32m 18[2mms[22m[39m

[31mÔÄ»ÔÄ»ÔÄ»ÔÄ»ÔÄ»ÔÄ»[39m[1m[41m Failed Suites 6 [49m[22m[31mÔÄ»ÔÄ»ÔÄ»ÔÄ»ÔÄ»ÔÄ»ÔÄ»[39m

[41m[1m FAIL [22m[49m src/components/layout/__tests__/Sidebar.test.jsx[2m [ 
src/components/layout/__tests__/Sidebar.test.jsx ][22m
[31m[1mError[22m: Failed to resolve import "@testing-library/user-event" from 
"src/components/layout/__tests__/Sidebar.test.jsx". Does the file exist?[39m
  Plugin: [35mvite:import-analysis[39m
  File: [36mC:/Users/aalcala/Desktop/Proyecto/Mchav-Analytics-Frontend/src/components/layout/__tests__/Sidebar.test.js
x[39m:3:0
[33m  25 |  const __vi_import_0__ = await import("react");
  26 |  const __vi_import_1__ = await import("@testing-library/react");
  27 |  const __vi_import_2__ = await import("@testing-library/user-event");
     |                                       ^
  28 |  const __vi_import_3__ = await import("../Sidebar");
  29 |  const __vi_import_4__ = await import("../../../features/auth/context/AuthContext");[39m
[90m [2mÔØ»[22m TransformPluginContext._formatLog 
node_modules/vitest/node_modules/vite/dist/node/chunks/node.js:[2m31147:39[22m[39m
[90m [2mÔØ»[22m TransformPluginContext.error 
node_modules/vitest/node_modules/vite/dist/node/chunks/node.js:[2m31144:14[22m[39m
[90m [2mÔØ»[22m normalizeUrl node_modules/vitest/node_modules/vite/dist/node/chunks/node.js:[2m28083:18[22m[39m
[90m [2mÔØ»[22m node_modules/vitest/node_modules/vite/dist/node/chunks/node.js:[2m28153:30[22m[39m
[90m [2mÔØ»[22m TransformPluginContext.transform 
node_modules/vitest/node_modules/vite/dist/node/chunks/node.js:[2m28119:4[22m[39m
[90m [2mÔØ»[22m EnvironmentPluginContainer.transform 
node_modules/vitest/node_modules/vite/dist/node/chunks/node.js:[2m30932:14[22m[39m
[90m [2mÔØ»[22m loadAndTransform 
node_modules/vitest/node_modules/vite/dist/node/chunks/node.js:[2m20671:26[22m[39m

[31m[2mÔÄ»ÔÄ»ÔÄ»ÔÄ»ÔÄ»ÔÄ»ÔÄ»ÔÄ»ÔÄ»ÔÄ»ÔÄ»ÔÄ»ÔÄ»ÔÄ»ÔÄ»ÔÄ»ÔÄ»ÔÄ»ÔÄ»ÔÄ»ÔÄ»ÔÄ»ÔÄ»[1/16]ÔÄ»[22m[39m

[41m[1m FAIL [22m[49m src/components/layout/__tests__/Topbar.test.jsx[2m [ 
src/components/layout/__tests__/Topbar.test.jsx ][22m
[31m[1mError[22m: Failed to resolve import "@testing-library/user-event" from 
"src/components/layout/__tests__/Topbar.test.jsx". Does the file exist?[39m
  Plugin: [35mvite:import-analysis[39m
  File: [36mC:/Users/aalcala/Desktop/Proyecto/Mchav-Analytics-Frontend/src/components/layout/__tests__/Topbar.test.jsx
[39m:3:22
[33m  1  |  import React from "react";
  2  |  import { render, screen, act } from "@testing-library/react";
  3  |  import userEvent from "@testing-library/user-event";
     |                         ^
  4  |  import { describe, it, expect, vi, beforeEach } from "vitest";
  5  |  import Topbar from "../Topbar";[39m
[90m [2mÔØ»[22m TransformPluginContext._formatLog 
node_modules/vitest/node_modules/vite/dist/node/chunks/node.js:[2m31147:39[22m[39m
[90m [2mÔØ»[22m TransformPluginContext.error 
node_modules/vitest/node_modules/vite/dist/node/chunks/node.js:[2m31144:14[22m[39m
[90m [2mÔØ»[22m normalizeUrl node_modules/vitest/node_modules/vite/dist/node/chunks/node.js:[2m28083:18[22m[39m
[90m [2mÔØ»[22m node_modules/vitest/node_modules/vite/dist/node/chunks/node.js:[2m28153:30[22m[39m
[90m [2mÔØ»[22m TransformPluginContext.transform 
node_modules/vitest/node_modules/vite/dist/node/chunks/node.js:[2m28119:4[22m[39m
[90m [2mÔØ»[22m EnvironmentPluginContainer.transform 
node_modules/vitest/node_modules/vite/dist/node/chunks/node.js:[2m30932:14[22m[39m
[90m [2mÔØ»[22m loadAndTransform 
node_modules/vitest/node_modules/vite/dist/node/chunks/node.js:[2m20671:26[22m[39m

[31m[2mÔÄ»ÔÄ»ÔÄ»ÔÄ»ÔÄ»ÔÄ»ÔÄ»ÔÄ»ÔÄ»ÔÄ»ÔÄ»ÔÄ»ÔÄ»ÔÄ»ÔÄ»ÔÄ»ÔÄ»ÔÄ»ÔÄ»ÔÄ»ÔÄ»ÔÄ»ÔÄ»[2/16]ÔÄ»[22m[39m

[41m[1m FAIL [22m[49m src/features/dashboard/views/__tests__/DeveloperView.test.jsx[2m [ 
src/features/dashboard/views/__tests__/DeveloperView.test.jsx ][22m
[31m[1mError[22m: Failed to resolve import "@testing-library/user-event" from 
"src/features/dashboard/views/__tests__/DeveloperView.test.jsx". Does the file exist?[39m
  Plugin: [35mvite:import-analysis[39m
  File: [36mC:/Users/aalcala/Desktop/Proyecto/Mchav-Analytics-Frontend/src/features/dashboard/views/__tests__/Develope
rView.test.jsx[39m:3:0
[33m  89 |  const __vi_import_0__ = await import("react");
  90 |  const __vi_import_1__ = await import("@testing-library/react");
  91 |  const __vi_import_2__ = await import("@testing-library/user-event");
     |                                       ^
  92 |  const __vi_import_3__ = await import("@testing-library/jest-dom");
  93 |  const __vi_import_4__ = await import("../DeveloperView");[39m
[90m [2mÔØ»[22m TransformPluginContext._formatLog 
node_modules/vitest/node_modules/vite/dist/node/chunks/node.js:[2m31147:39[22m[39m
[90m [2mÔØ»[22m TransformPluginContext.error 
node_modules/vitest/node_modules/vite/dist/node/chunks/node.js:[2m31144:14[22m[39m
[90m [2mÔØ»[22m normalizeUrl node_modules/vitest/node_modules/vite/dist/node/chunks/node.js:[2m28083:18[22m[39m
[90m [2mÔØ»[22m node_modules/vitest/node_modules/vite/dist/node/chunks/node.js:[2m28153:30[22m[39m
[90m [2mÔØ»[22m TransformPluginContext.transform 
node_modules/vitest/node_modules/vite/dist/node/chunks/node.js:[2m28119:4[22m[39m
[90m [2mÔØ»[22m EnvironmentPluginContainer.transform 
node_modules/vitest/node_modules/vite/dist/node/chunks/node.js:[2m30932:14[22m[39m
[90m [2mÔØ»[22m loadAndTransform 
node_modules/vitest/node_modules/vite/dist/node/chunks/node.js:[2m20671:26[22m[39m

[31m[2mÔÄ»ÔÄ»ÔÄ»ÔÄ»ÔÄ»ÔÄ»ÔÄ»ÔÄ»ÔÄ»ÔÄ»ÔÄ»ÔÄ»ÔÄ»ÔÄ»ÔÄ»ÔÄ»ÔÄ»ÔÄ»ÔÄ»ÔÄ»ÔÄ»ÔÄ»ÔÄ»[3/16]ÔÄ»[22m[39m

[41m[1m FAIL [22m[49m src/features/projects/views/__tests__/ProyectosDashboardView.test.jsx[2m [ 
src/features/projects/views/__tests__/ProyectosDashboardView.test.jsx ][22m
[31m[1mError[22m: Failed to resolve import "@testing-library/user-event" from 
"src/features/projects/views/__tests__/ProyectosDashboardView.test.jsx". Does the file exist?[39m
  Plugin: [35mvite:import-analysis[39m
  File: [36mC:/Users/aalcala/Desktop/Proyecto/Mchav-Analytics-Frontend/src/features/projects/views/__tests__/Proyectos
DashboardView.test.jsx[39m:3:0
[33m  119 |  const __vi_import_0__ = await import("react");
  120 |  const __vi_import_1__ = await import("@testing-library/react");
  121 |  const __vi_import_2__ = await import("@testing-library/user-event");
      |                                       ^
  122 |  const __vi_import_3__ = await import("@testing-library/jest-dom");
  123 |  const __vi_import_4__ = await import("../ProyectosDashboardView");[39m
[90m [2mÔØ»[22m TransformPluginContext._formatLog 
node_modules/vitest/node_modules/vite/dist/node/chunks/node.js:[2m31147:39[22m[39m
[90m [2mÔØ»[22m TransformPluginContext.error 
node_modules/vitest/node_modules/vite/dist/node/chunks/node.js:[2m31144:14[22m[39m
[90m [2mÔØ»[22m normalizeUrl node_modules/vitest/node_modules/vite/dist/node/chunks/node.js:[2m28083:18[22m[39m
[90m [2mÔØ»[22m node_modules/vitest/node_modules/vite/dist/node/chunks/node.js:[2m28153:30[22m[39m
[90m [2mÔØ»[22m TransformPluginContext.transform 
node_modules/vitest/node_modules/vite/dist/node/chunks/node.js:[2m28119:4[22m[39m
[90m [2mÔØ»[22m EnvironmentPluginContainer.transform 
node_modules/vitest/node_modules/vite/dist/node/chunks/node.js:[2m30932:14[22m[39m
[90m [2mÔØ»[22m loadAndTransform 
node_modules/vitest/node_modules/vite/dist/node/chunks/node.js:[2m20671:26[22m[39m

[31m[2mÔÄ»ÔÄ»ÔÄ»ÔÄ»ÔÄ»ÔÄ»ÔÄ»ÔÄ»ÔÄ»ÔÄ»ÔÄ»ÔÄ»ÔÄ»ÔÄ»ÔÄ»ÔÄ»ÔÄ»ÔÄ»ÔÄ»ÔÄ»ÔÄ»ÔÄ»ÔÄ»[4/16]ÔÄ»[22m[39m

[41m[1m FAIL [22m[49m src/features/sync/views/__tests__/SystemSyncTab.test.tsx[2m [ 
src/features/sync/views/__tests__/SystemSyncTab.test.tsx ][22m
[31m[1mError[22m: Failed to resolve import "@testing-library/user-event" from 
"src/features/sync/views/__tests__/SystemSyncTab.test.tsx". Does the file exist?[39m
  Plugin: [35mvite:import-analysis[39m
  File: [36mC:/Users/aalcala/Desktop/Proyecto/Mchav-Analytics-Frontend/src/features/sync/views/__tests__/SystemSyncTab
.test.tsx[39m:3:0
[33m  5  |  const __vi_import_0__ = await import("react");
  6  |  const __vi_import_1__ = await import("@testing-library/react");
  7  |  const __vi_import_2__ = await import("@testing-library/user-event");
     |                                       ^
  8  |  const __vi_import_3__ = await import("@testing-library/jest-dom");
  9  |  const __vi_import_4__ = await import("../SystemSyncTab");[39m
[90m [2mÔØ»[22m TransformPluginContext._formatLog 
node_modules/vitest/node_modules/vite/dist/node/chunks/node.js:[2m31147:39[22m[39m
[90m [2mÔØ»[22m TransformPluginContext.error 
node_modules/vitest/node_modules/vite/dist/node/chunks/node.js:[2m31144:14[22m[39m
[90m [2mÔØ»[22m normalizeUrl node_modules/vitest/node_modules/vite/dist/node/chunks/node.js:[2m28083:18[22m[39m
[90m [2mÔØ»[22m node_modules/vitest/node_modules/vite/dist/node/chunks/node.js:[2m28153:30[22m[39m
[90m [2mÔØ»[22m TransformPluginContext.transform 
node_modules/vitest/node_modules/vite/dist/node/chunks/node.js:[2m28119:4[22m[39m
[90m [2mÔØ»[22m EnvironmentPluginContainer.transform 
node_modules/vitest/node_modules/vite/dist/node/chunks/node.js:[2m30932:14[22m[39m
[90m [2mÔØ»[22m loadAndTransform 
node_modules/vitest/node_modules/vite/dist/node/chunks/node.js:[2m20671:26[22m[39m

[31m[2mÔÄ»ÔÄ»ÔÄ»ÔÄ»ÔÄ»ÔÄ»ÔÄ»ÔÄ»ÔÄ»ÔÄ»ÔÄ»ÔÄ»ÔÄ»ÔÄ»ÔÄ»ÔÄ»ÔÄ»ÔÄ»ÔÄ»ÔÄ»ÔÄ»ÔÄ»ÔÄ»[5/16]ÔÄ»[22m[39m

[41m[1m FAIL [22m[49m src/features/users/views/__tests__/AdminUsuariosView.test.tsx[2m [ 
src/features/users/views/__tests__/AdminUsuariosView.test.tsx ][22m
[31m[1mError[22m: Failed to resolve import "@testing-library/user-event" from 
"src/features/users/views/__tests__/AdminUsuariosView.test.tsx". Does the file exist?[39m
  Plugin: [35mvite:import-analysis[39m
  File: [36mC:/Users/aalcala/Desktop/Proyecto/Mchav-Analytics-Frontend/src/features/users/views/__tests__/AdminUsuario
sView.test.tsx[39m:3:0
[33m  5  |  const __vi_import_0__ = await import("react");
  6  |  const __vi_import_1__ = await import("@testing-library/react");
  7  |  const __vi_import_2__ = await import("@testing-library/user-event");
     |                                       ^
  8  |  const __vi_import_3__ = await import("@testing-library/jest-dom");
  9  |  const __vi_import_4__ = await import("../AdminUsuariosView");[39m
[90m [2mÔØ»[22m TransformPluginContext._formatLog 
node_modules/vitest/node_modules/vite/dist/node/chunks/node.js:[2m31147:39[22m[39m
[90m [2mÔØ»[22m TransformPluginContext.error 
node_modules/vitest/node_modules/vite/dist/node/chunks/node.js:[2m31144:14[22m[39m
[90m [2mÔØ»[22m normalizeUrl node_modules/vitest/node_modules/vite/dist/node/chunks/node.js:[2m28083:18[22m[39m
[90m [2mÔØ»[22m node_modules/vitest/node_modules/vite/dist/node/chunks/node.js:[2m28153:30[22m[39m
[90m [2mÔØ»[22m TransformPluginContext.transform 
node_modules/vitest/node_modules/vite/dist/node/chunks/node.js:[2m28119:4[22m[39m
[90m [2mÔØ»[22m EnvironmentPluginContainer.transform 
node_modules/vitest/node_modules/vite/dist/node/chunks/node.js:[2m30932:14[22m[39m
[90m [2mÔØ»[22m loadAndTransform 
node_modules/vitest/node_modules/vite/dist/node/chunks/node.js:[2m20671:26[22m[39m

[31m[2mÔÄ»ÔÄ»ÔÄ»ÔÄ»ÔÄ»ÔÄ»ÔÄ»ÔÄ»ÔÄ»ÔÄ»ÔÄ»ÔÄ»ÔÄ»ÔÄ»ÔÄ»ÔÄ»ÔÄ»ÔÄ»ÔÄ»ÔÄ»ÔÄ»ÔÄ»ÔÄ»[6/16]ÔÄ»[22m[39m


[31mÔÄ»ÔÄ»ÔÄ»ÔÄ»ÔÄ»ÔÄ»[39m[1m[41m Failed Tests 10 [49m[22m[31mÔÄ»ÔÄ»ÔÄ»ÔÄ»ÔÄ»ÔÄ»ÔÄ»[39m

[41m[1m FAIL [22m[49m src/services/__tests__/api.test.ts[2m > [22mAPI Services[2m > [22muserService 
functions[2m > [22mgetUsers calls GET /users
[31m[1mReferenceError[22m: userService is not defined[39m
[36m [2mÔØ»[22m src/services/__tests__/api.test.ts:[2m454:7[22m[39m
    [90m452|[39m     [34mit[39m([32m'getUsers calls GET /users'[39m[33m,[39m [35masync[39m () [33m=>[39m {
    [90m453|[39m       api[33m.[39m[35mget[39m[33m.[39m[34mmockResolvedValueOnce[39m({ data[33m:[39m [] 
})[33m;[39m
    [90m454|[39m       [35mawait[39m userService[33m.[39m[34mgetUsers[39m()[33m;[39m
    [90m   |[39m       [31m^[39m
    [90m455|[39m       [34mexpect[39m(api[33m.[39m[35mget[39m)[33m.[39m[34mtoHaveBeenCalledWith[39m([32m'/
api/v1/users'[39m)[33m;[39m
    [90m456|[39m     })[33m;[39m

[31m[2mÔÄ»ÔÄ»ÔÄ»ÔÄ»ÔÄ»ÔÄ»ÔÄ»ÔÄ»ÔÄ»ÔÄ»ÔÄ»ÔÄ»ÔÄ»ÔÄ»ÔÄ»ÔÄ»ÔÄ»ÔÄ»ÔÄ»ÔÄ»ÔÄ»ÔÄ»ÔÄ»[7/16]ÔÄ»[22m[39m

[41m[1m FAIL [22m[49m src/services/__tests__/api.test.ts[2m > [22mAPI Services[2m > [22muserService 
functions[2m > [22mgetRoles calls GET /roles
[31m[1mReferenceError[22m: userService is not defined[39m
[36m [2mÔØ»[22m src/services/__tests__/api.test.ts:[2m460:7[22m[39m
    [90m458|[39m     [34mit[39m([32m'getRoles calls GET /roles'[39m[33m,[39m [35masync[39m () [33m=>[39m {
    [90m459|[39m       api[33m.[39m[35mget[39m[33m.[39m[34mmockResolvedValueOnce[39m({ data[33m:[39m [] 
})[33m;[39m
    [90m460|[39m       [35mawait[39m userService[33m.[39m[34mgetRoles[39m()[33m;[39m
    [90m   |[39m       [31m^[39m
    [90m461|[39m       [34mexpect[39m(api[33m.[39m[35mget[39m)[33m.[39m[34mtoHaveBeenCalledWith[39m([32m'/
api/v1/users/roles'[39m)[33m;[39m
    [90m462|[39m     })[33m;[39m

[31m[2mÔÄ»ÔÄ»ÔÄ»ÔÄ»ÔÄ»ÔÄ»ÔÄ»ÔÄ»ÔÄ»ÔÄ»ÔÄ»ÔÄ»ÔÄ»ÔÄ»ÔÄ»ÔÄ»ÔÄ»ÔÄ»ÔÄ»ÔÄ»ÔÄ»ÔÄ»ÔÄ»[8/16]ÔÄ»[22m[39m

[41m[1m FAIL [22m[49m src/services/__tests__/api.test.ts[2m > [22mAPI Services[2m > [22muserService 
functions[2m > [22mupdateUserStatus calls PUT
[31m[1mReferenceError[22m: userService is not defined[39m
[36m [2mÔØ»[22m src/services/__tests__/api.test.ts:[2m466:7[22m[39m
    [90m464|[39m     [34mit[39m([32m'updateUserStatus calls PUT'[39m[33m,[39m [35masync[39m () [33m=>[39m {
    [90m465|[39m       api[33m.[39mput[33m.[39m[34mmockResolvedValueOnce[39m({ data[33m:[39m {} })[33m;[39m
    [90m466|[39m       [35mawait[39m userService[33m.[39m[34mupdateUserStatus[39m([32m'U1'[39m[33m,[39m 
[35mfalse[39m)[33m;[39m
    [90m   |[39m       [31m^[39m
    [90m467|[39m       expect(api.put).toHaveBeenCalledWith('/api/v1/users/U1/status', ÔÇª
    [90m468|[39m     })[33m;[39m

[31m[2mÔÄ»ÔÄ»ÔÄ»ÔÄ»ÔÄ»ÔÄ»ÔÄ»ÔÄ»ÔÄ»ÔÄ»ÔÄ»ÔÄ»ÔÄ»ÔÄ»ÔÄ»ÔÄ»ÔÄ»ÔÄ»ÔÄ»ÔÄ»ÔÄ»ÔÄ»ÔÄ»[9/16]ÔÄ»[22m[39m

[41m[1m FAIL [22m[49m src/services/__tests__/api.test.ts[2m > [22mAPI Services[2m > [22muserService 
functions[2m > [22mupdateUserRole calls PUT
[31m[1mReferenceError[22m: userService is not defined[39m
[36m [2mÔØ»[22m src/services/__tests__/api.test.ts:[2m472:7[22m[39m
    [90m470|[39m     [34mit[39m([32m'updateUserRole calls PUT'[39m[33m,[39m [35masync[39m () [33m=>[39m {
    [90m471|[39m       api[33m.[39mput[33m.[39m[34mmockResolvedValueOnce[39m({ data[33m:[39m {} })[33m;[39m
    [90m472|[39m       [35mawait[39m userService[33m.[39m[34mupdateUserRole[39m([32m'U1'[39m[33m,[39m 
[32m'R1'[39m)[33m;[39m
    [90m   |[39m       [31m^[39m
    [90m473|[39m       expect(api.put).toHaveBeenCalledWith('/api/v1/users/U1/role', { ÔÇª
    [90m474|[39m     })[33m;[39m

[31m[2mÔÄ»ÔÄ»ÔÄ»ÔÄ»ÔÄ»ÔÄ»ÔÄ»ÔÄ»ÔÄ»ÔÄ»ÔÄ»ÔÄ»ÔÄ»ÔÄ»ÔÄ»ÔÄ»ÔÄ»ÔÄ»ÔÄ»ÔÄ»ÔÄ»ÔÄ»[10/16]ÔÄ»[22m[39m

[41m[1m FAIL [22m[49m src/services/__tests__/api.test.ts[2m > [22mAPI Services[2m > [22muserService 
functions[2m > [22massignUserProjects calls POST
[31m[1mReferenceError[22m: userService is not defined[39m
[36m [2mÔØ»[22m src/services/__tests__/api.test.ts:[2m478:7[22m[39m
    [90m476|[39m     [34mit[39m([32m'assignUserProjects calls POST'[39m[33m,[39m [35masync[39m () 
[33m=>[39m {
    [90m477|[39m       api[33m.[39mpost[33m.[39m[34mmockResolvedValueOnce[39m({ data[33m:[39m {} 
})[33m;[39m
    [90m478|[39m       [35mawait[39m userService[33m.[39m[34massignUserProjects[39m([32m'U1'[39m[33m,[39m 
[[32m'P1'[39m])[33m;[39m
    [90m   |[39m       [31m^[39m
    [90m479|[39m       expect(api.post).toHaveBeenCalledWith('/api/v1/users/U1/projectsÔÇª
    [90m480|[39m     })[33m;[39m

[31m[2mÔÄ»ÔÄ»ÔÄ»ÔÄ»ÔÄ»ÔÄ»ÔÄ»ÔÄ»ÔÄ»ÔÄ»ÔÄ»ÔÄ»ÔÄ»ÔÄ»ÔÄ»ÔÄ»ÔÄ»ÔÄ»ÔÄ»ÔÄ»ÔÄ»ÔÄ»[11/16]ÔÄ»[22m[39m

[41m[1m FAIL [22m[49m src/services/__tests__/api.test.ts[2m > [22mAPI Services[2m > [22mreportService 
functions[2m > [22mdownloadCsvReport creates link
[31m[1mAssertionError[22m: expected "createElement" to be called with arguments: [ 'a' ][90m

Number of calls: [1m0[22m
[31m[39m
[36m [2mÔØ»[22m src/services/__tests__/api.test.ts:[2m540:38[22m[39m
    [90m538|[39m       })[33m;[39m
    [90m539|[39m
    [90m540|[39m       
[34mexpect[39m(document[33m.[39mcreateElement)[33m.[39m[34mtoHaveBeenCalledWith[39m([32m'a'[39m)[33m;[39m
    [90m   |[39m                                      [31m^[39m
    [90m541|[39m     })[33m;[39m
    [90m542|[39m   })[33m;[39m

[31m[2mÔÄ»ÔÄ»ÔÄ»ÔÄ»ÔÄ»ÔÄ»ÔÄ»ÔÄ»ÔÄ»ÔÄ»ÔÄ»ÔÄ»ÔÄ»ÔÄ»ÔÄ»ÔÄ»ÔÄ»ÔÄ»ÔÄ»ÔÄ»ÔÄ»ÔÄ»[12/16]ÔÄ»[22m[39m

[41m[1m FAIL [22m[49m src/components/layout/__tests__/Logo.test.jsx[2m > [22mLogo Component[2m > [22mrenders 
the logo image correctly with default props
[31m[1mError[22m: [2mexpect([22m[31melement[31m[2m).toHaveStyle()[22m

[32m- Expected[31m

[32m- borderRadius: 10px;[31m
[2m  height: 38px;[22m
[2m  width: 38px;[22m[39m
[36m [2mÔØ»[22m src/components/layout/__tests__/Logo.test.jsx:[2m13:24[22m[39m
    [90m 11|[39m     [34mexpect[39m(imgElement)[33m.[39m[34mtoBeInTheDocument[39m()[33m;[39m
    [90m 12|[39m     [34mexpect[39m(imgElement)[33m.[39m[34mtoHaveAttribute[39m([32m'alt'[39m[33m,[39m 
[32m'MCHAV Analytics Logo'[39m)[33m;[39m
    [90m 13|[39m     expect(imgElement).toHaveStyle({ width: '38px', height: '38px', boÔÇª
    [90m   |[39m                        [31m^[39m
    [90m 14|[39m   })[33m;[39m
    [90m 15|[39m

[31m[2mÔÄ»ÔÄ»ÔÄ»ÔÄ»ÔÄ»ÔÄ»ÔÄ»ÔÄ»ÔÄ»ÔÄ»ÔÄ»ÔÄ»ÔÄ»ÔÄ»ÔÄ»ÔÄ»ÔÄ»ÔÄ»ÔÄ»ÔÄ»ÔÄ»ÔÄ»[13/16]ÔÄ»[22m[39m

[41m[1m FAIL [22m[49m src/features/jql/hooks/__tests__/useJqlConsole.test.ts[2m > [22museJqlConsole[2m > 
[22mexports to CSV correctly
[31m[1mError[22m: Target container is not a DOM element.[39m
[90m [2mÔØ»[22m Object.process.env.NODE_ENV.exports.createRoot 
node_modules/react-dom/cjs/react-dom-client.development.js:[2m28014:15[22m[39m
[90m [2mÔØ»[22m createConcurrentRoot node_modules/@testing-library/react/dist/pure.js:[2m155:27[22m[39m
[90m [2mÔØ»[22m render node_modules/@testing-library/react/dist/pure.js:[2m274:12[22m[39m
[90m [2mÔØ»[22m Proxy.renderHook node_modules/@testing-library/react/dist/pure.js:[2m348:7[22m[39m
[36m [2mÔØ»[22m src/features/jql/hooks/__tests__/useJqlConsole.test.ts:[2m104:24[22m[39m
    [90m102|[39m     const removeChildSpy = vi.spyOn(document.body, 'removeChild').mockÔÇª
    [90m103|[39m
    [90m104|[39m     [35mconst[39m { result } [33m=[39m [34mrenderHook[39m(() [33m=>[39m 
[34museJqlConsole[39m())[33m;[39m
    [90m   |[39m                        [31m^[39m
    [90m105|[39m
    [90m106|[39m     [34mact[39m(() [33m=>[39m {

[31m[2mÔÄ»ÔÄ»ÔÄ»ÔÄ»ÔÄ»ÔÄ»ÔÄ»ÔÄ»ÔÄ»ÔÄ»ÔÄ»ÔÄ»ÔÄ»ÔÄ»ÔÄ»ÔÄ»ÔÄ»ÔÄ»ÔÄ»ÔÄ»ÔÄ»ÔÄ»[14/16]ÔÄ»[22m[39m

[41m[1m FAIL [22m[49m src/features/projects/components/__tests__/ProjectMetrics.test.tsx[2m > 
[22mProjectMetrics[2m > [22mrenders TIEMPOS tab correctly with percentiles data
[31m[1mTestingLibraryElementError[22m[39m: Unable to find an element with the text: An├ílisis de Task. This could 
be because the text is broken up by multiple elements. In this case, you can provide a function for your text matcher 
to make your matcher more flexible.

Ignored nodes: comments, script, style
[36m<body>[39m
  [36m<div>[39m
    [36m<section[39m
      [33mclass[39m=[32m"relative flex flex-col gap-5 animate-in slide-in-from-bottom-4 mt-2"[39m
    [36m>[39m
      [36m<div[39m
        [33mclass[39m=[32m"bg-white dark:bg-slate-900 border border-indigo-500/40 rounded-2xl p-5 sm:p-6 shadow-sm 
flex flex-col sm:flex-row justify-between items-start sm:items-center gap-4"[39m
      [36m>[39m
        [36m<div[39m
          [33mclass[39m=[32m"flex items-center gap-3"[39m
        [36m>[39m
          [36m<div[39m
            [33mclass[39m=[32m"w-12 h-12 rounded-2xl bg-indigo-500/15 text-indigo-600 dark:text-indigo-400 flex 
items-center justify-center"[39m
          [36m>[39m
            [36m<svg[39m
              [33maria-hidden[39m=[32m"true"[39m
              [33mclass[39m=[32m"lucide lucide-activity"[39m
              [33mfill[39m=[32m"none"[39m
              [33mheight[39m=[32m"24"[39m
              [33mstroke[39m=[32m"currentColor"[39m
              [33mstroke-linecap[39m=[32m"round"[39m
              [33mstroke-linejoin[39m=[32m"round"[39m
              [33mstroke-width[39m=[32m"2"[39m
              [33mviewBox[39m=[32m"0 0 24 24"[39m
              [33mwidth[39m=[32m"24"[39m
              [33mxmlns[39m=[32m"http://www.w3.org/2000/svg"[39m
            [36m>[39m
              [36m<path[39m
                [33md[39m=[32m"M22 12h-2.48a2 2 0 0 0-1.93 1.46l-2.35 8.36a.25.25 0 0 1-.48 0L9.24 2.18a.25.25 0 0 
0-.48 0l-2.35 8.36A2 2 0 0 1 4.49 12H2"[39m
              [36m/>[39m
            [36m</svg>[39m
          [36m</div>[39m
          [36m<div>[39m
            [36m<span[39m
              [33mclass[39m=[32m"text-[10px] font-black uppercase text-indigo-600 dark:text-white bg-indigo-100 
dark:bg-indigo-500/20 px-2.5 py-0.5 rounded-md"[39m
            [36m>[39m
              [0mPROJ-1[0m
              [0m ÔÇó [0m
              [0mFrontend[0m
            [36m</span>[39m
            [36m<h3[39m
              [33mclass[39m=[32m"text-base sm:text-lg font-black mt-1 text-slate-900 dark:text-white"[39m
            [36m>[39m
              [0mResumen Ejecutivo & M├®tricas Jira ÔÇö [0m
              [0mTest Project[0m
            [36m</h3>[39m
          [36m</div>[39m
        [36m</div>[39m
        [36m<div[39m
          [33mclass[39m=[32m"flex flex-col sm:flex-row items-center gap-3"[39m
        [36m>[39m
          [36m<div[39m
            [33mclass[39m=[32m"flex bg-slate-100 dark:bg-slate-800 p-1 rounded-xl"[39m
          [36m>[39m
            [36m<button[39m
              [33mclass[39m=[32m"px-4 py-1.5 rounded-lg text-xs font-bold transition-colors text-slate-500 
dark:text-slate-400 hover:text-slate-700 dark:hover:text-slate-200"[39m
              [33mtype[39m=[32m"button"[39m
            [36m>[39m
              [0mResumen General[0m
            [36m</button>[39m
            [36m<button[39m
              [33mclass[39m=[32m"px-4 py-1.5 rounded-lg text-xs font-bold transition-colors bg-white 
dark:bg-slate-900 text-slate-900 dark:text-slate-50 shadow-sm"[39m
              [33mtype[39m=[32m"button"[39m
            [36m>[39m
              [0mAn├ílisis de Tiempos[0m
            [36m</button>[39m
          [36m</div>[39m
        [36m</div>[39m
      [36m</div>[39m
      [36m<div[39m
        [33mclass[39m=[32m"space-y-4"[39m
      [36m>[39m
        [36m<div[39m
          [33mclass[39m=[32m"flex justify-between items-center bg-white dark:bg-slate-950 p-4 rounded-xl border 
border-slate-200 dark:border-slate-800 shadow-sm animate-in fade-in"[39m
        [36m>[39m
          [36m<div[39m
            [33mclass[39m=[32m"text-sm font-semibold text-slate-700 dark:text-slate-300"[39m
          [36m>[39m
            [0mM├®tricas de Flujo (Lead Time y Cycle Time)[0m
          [36m</div>[39m
          [36m<div[39m
            [33mclass[39m=[32m"flex items-center gap-2"[39m
          [36m>[39m
            [36m<span[39m
              [33mclass[39m=[32m"text-xs text-slate-500 font-medium"[39m
            [36m>[39m
              [0mPeriodo evaluado:[0m
            [36m</span>[39m
            [36m<select[39m
              [33mclass[39m=[32m"bg-slate-100 dark:bg-slate-900 border-none text-xs font-bold text-slate-700 
dark:text-slate-300 rounded-lg px-3 py-1.5 focus:ring-2 focus:ring-indigo-500 outline-none cursor-pointer"[39m
            [36m>[39m
              [36m<option[39m
                [33mvalue[39m=[32m"15"[39m
              [36m>[39m
                [0m├Ültimos 15 d├¡as[0m
              [36m</option>[39m
              [36m<option[39m
                [33mvalue[39m=[32m"30"[39m
              [36m>[39m
                [0m├Ültimos 30 d├¡as[0m
              [36m</option>[39m
              [36m<option[39m
                [33mvalue[39m=[32m"60"[39m
              [36m>[39m
                [0m├Ültimos 60 d├¡as[0m
              [36m</option>[39m
              [36m<option[39m
                [33mvalue[39m=[32m"90"[39m
              [36m>[39m
                [0m├Ültimos 90 d├¡as[0m
              [36m</option>[39m
            [36m</select>[39m
          [36m</div>[39m
        [36m</div>[39m
        [36m<div[39m
          [33mclass[39m=[32m"grid grid-cols-1 md:grid-cols-2 lg:grid-cols-3 gap-5 animate-in fade-in 
duration-300"[39m
        [36m>[39m
          [36m<div[39m
            [33mclass[39m=[32m"bg-white dark:bg-slate-950 border border-slate-200 dark:border-slate-800 rounded-2xl 
p-5 shadow-sm hover:shadow-md transition-shadow"[39m
          [36m>[39m
            [36m<div[39m
              [33mclass[39m=[32m"flex flex-col items-center justify-center h-64 bg-slate-50 dark:bg-slate-900/50 
border border-dashed border-slate-300 dark:border-slate-700 rounded-2xl p-6 text-center"[39m
            [36m>[39m
              [36m<div[39m
                [33mclass[39m=[32m"w-12 h-12 rounded-full bg-amber-100 dark:bg-amber-500/20 text-amber-500 flex 
items-center justify-center mb-3 shadow-inner"[39m
              [36m>[39m
                [36m<svg[39m
                  [33maria-hidden[39m=[32m"true"[39m
                  [33mclass[39m=[32m"lucide lucide-circle-alert"[39m
                  [33mfill[39m=[32m"none"[39m
                  [33mheight[39m=[32m"24"[39m
                  [33mstroke[39m=[32m"currentColor"[39m
                  [33mstroke-linecap[39m=[32m"round"[39m
                  [33mstroke-linejoin[39m=[32m"round"[39m
                  [33mstroke-width[39m=[32m"2"[39m
                  [33mviewBox[39m=[32m"0 0 24 24"[39m
                  [33mwidth[39m=[32m"24"[39m
                  [33mxmlns[39m=[32m"http://www.w3.org/2000/svg"[39m
                [36m>[39m
                  [36m<circle[39m
                    [33mcx[39m=[32m"12"[39m
                    [33mcy[39m=[32m"12"[39m
                    [33mr[39m=[32m"10"[39m
                  [36m/>[39m
                  [36m<line[39m
                    [33mx1[39m=[32m"12"[39m
                    [33mx2[39m=[32m"12"[39m
                    [33my1[39m=[32m"8"[39m
                    [33my2[39m=[32m"12"[39m
                  [36m/>[39m
                  [36m<line[39m
                    [33mx1[39m=[32m"12"[39m
                    [33mx2[39m=[32m"12.01"[39m
                    [33my1[39m=[32m"16"[39m
                    [33my2[39m=[32m"16"[39m
                  [36m/>[39m
                [36m</svg>[39m
              [36m</div>[39m
              [36m<h4[39m
                [33mclass[39m=[32m"text-sm font-black text-slate-800 dark:text-slate-200 uppercase 
tracking-wide"[39m
              [36m>[39m
                [0mAn├ílisis de Task[0m
                [0m ÔÇö Datos Insuficientes[0m
              [36m</h4>[39m
              [36m<p[39m
                [33mclass[39m=[32m"text-xs text-slate-500 dark:text-slate-400 mt-2 max-w-xs"[39m
              [36m>[39m
                [0mSe requiere un m├¡nimo de [0m
                [36m<strong>[39m
                  [0m5 tareas[0m
                [36m</strong>[39m
                [0m resueltas en los ├║ltimos 15 d├¡as.[0m
                [36m<br />[39m
                [0m(Actual: [0m
                [0m tareas)[0m
              [36m</p>[39m
            [36m</div>[39m
          [36m</div>[39m
        [36m</div>[39m
      [36m</div>[39m
    [36m</section>[39m
  [36m</div>[39m
[36m</body>[39m
[90m [2mÔØ»[22m Object.getElementError node_modules/@testing-library/dom/dist/config.js:[2m37:19[22m[39m
[90m [2mÔØ»[22m node_modules/@testing-library/dom/dist/query-helpers.js:[2m76:38[22m[39m
[90m [2mÔØ»[22m node_modules/@testing-library/dom/dist/query-helpers.js:[2m52:17[22m[39m
[90m [2mÔØ»[22m node_modules/@testing-library/dom/dist/query-helpers.js:[2m95:19[22m[39m
[36m [2mÔØ»[22m src/features/projects/components/__tests__/ProjectMetrics.test.tsx:[2m93:19[22m[39m
    [90m 91|[39m     [35mconst[39m mockPercentilesData [33m=[39m [{ issue_type[33m:[39m [32m'Task'[39m 
}][33m;[39m
    [90m 92|[39m     render(<ProjectMetrics {...defaultProps} activeProjectTab="TIEMPOSÔÇª
    [90m 93|[39m     [34mexpect[39m(screen[33m.[39m[34mgetByText[39m([32m'An├ílisis de 
Task'[39m))[33m.[39m[34mtoBeDefined[39m()[33m;[39m
    [90m   |[39m                   [31m^[39m
    [90m 94|[39m   })[33m;[39m
    [90m 95|[39m

[31m[2mÔÄ»ÔÄ»ÔÄ»ÔÄ»ÔÄ»ÔÄ»ÔÄ»ÔÄ»ÔÄ»ÔÄ»ÔÄ»ÔÄ»ÔÄ»ÔÄ»ÔÄ»ÔÄ»ÔÄ»ÔÄ»ÔÄ»ÔÄ»ÔÄ»ÔÄ»[15/16]ÔÄ»[22m[39m

[41m[1m FAIL [22m[49m src/features/reports/views/__tests__/CentroReportesView.test.jsx[2m > 
[22mCentroReportesView[2m > [22mcan switch tabs to Historial
[31m[1mTestingLibraryElementError[22m[39m: Unable to find an element with the text: Historial Inmutable. This 
could be because the text is broken up by multiple elements. In this case, you can provide a function for your text 
matcher to make your matcher more flexible.

Ignored nodes: comments, script, style
[36m<body>[39m
  [36m<div>[39m
    [36m<div[39m
      [33mclass[39m=[32m"w-full h-[calc(100vh-32px)] overflow-y-auto custom-scrollbar bg-gradient-to-br 
from-slate-50 to-white dark:from-transparent dark:to-transparent shadow-sm dark:shadow-none border border-slate-200/60 
dark:border-transparent rounded-3xl p-8 md:p-12 flex flex-col gap-8 relative"[39m
    [36m>[39m
      [36m<div[39m
        [33mclass[39m=[32m"absolute top-[-10%] left-[-10%] w-[50%] h-[50%] bg-indigo-400/10 dark:bg-indigo-600/15 
rounded-full blur-[120px] pointer-events-none z-0"[39m
      [36m/>[39m
      [36m<div[39m
        [33mclass[39m=[32m"absolute bottom-[20%] right-[-10%] w-[40%] h-[40%] bg-sky-400/10 dark:bg-emerald-600/10 
rounded-full blur-[120px] pointer-events-none z-0"[39m
      [36m/>[39m
      [36m<div[39m
        [33mclass[39m=[32m"flex flex-col md:flex-row items-start md:items-end justify-between gap-6 relative 
z-20"[39m
      [36m>[39m
        [36m<div>[39m
          [36m<div[39m
            [33mclass[39m=[32m"flex items-center gap-4 mb-2"[39m
          [36m>[39m
            [36m<div[39m
              [33mclass[39m=[32m"p-3 bg-indigo-600 text-white rounded-2xl shadow-lg shadow-indigo-500/30"[39m
            [36m>[39m
              [36m<svg[39m
                [33maria-hidden[39m=[32m"true"[39m
                [33mclass[39m=[32m"lucide lucide-chart-no-axes-column w-7 h-7"[39m
                [33mfill[39m=[32m"none"[39m
                [33mheight[39m=[32m"24"[39m
                [33mstroke[39m=[32m"currentColor"[39m
                [33mstroke-linecap[39m=[32m"round"[39m
                [33mstroke-linejoin[39m=[32m"round"[39m
                [33mstroke-width[39m=[32m"2"[39m
                [33mviewBox[39m=[32m"0 0 24 24"[39m
                [33mwidth[39m=[32m"24"[39m
                [33mxmlns[39m=[32m"http://www.w3.org/2000/svg"[39m
              [36m>[39m
                [36m<path[39m
                  [33md[39m=[32m"M5 21v-6"[39m
                [36m/>[39m
                [36m<path[39m
                  [33md[39m=[32m"M12 21V3"[39m
                [36m/>[39m
                [36m<path[39m
                  [33md[39m=[32m"M19 21V9"[39m
                [36m/>[39m
              [36m</svg>[39m
            [36m</div>[39m
            [36m<h1[39m
              [33mclass[39m=[32m"text-3xl font-black text-slate-900 dark:text-white tracking-tight"[39m
            [36m>[39m
              [0mCentro de Reportes[0m
            [36m</h1>[39m
          [36m</div>[39m
          [36m<p[39m
            [33mclass[39m=[32m"text-slate-500 text-sm font-medium"[39m
          [36m>[39m
            [0mGenera, consulta y compara el rendimiento de tus proyectos y equipos.[0m
          [36m</p>[39m
        [36m</div>[39m
        [36m<div[39m
          [33mclass[39m=[32m"flex p-1.5 bg-slate-100/80 dark:bg-[#141738]/50 backdrop-blur-md rounded-[1.25rem] 
border border-slate-200/80 dark:border-white/5 w-full md:w-auto mt-6 md:mt-0 shadow-inner"[39m
        [36m>[39m
          [36m<button[39m
            [33mclass[39m=[32m"flex items-center gap-2.5 px-6 py-3 rounded-xl font-bold text-[13px] transition-all 
duration-300 bg-white dark:bg-indigo-600 text-indigo-600 dark:text-white shadow-[0_4px_12px_rgba(0,0,0,0.05)] 
dark:shadow-[0_4px_12px_rgba(99,102,241,0.3)] ring-1 ring-slate-200 dark:ring-0 scale-[1.02]"[39m
          [36m>[39m

[2m Test Files [22m [1m[31m11 failed[39m[22m[2m | [22m[1m[32m52 passed[39m[22m[90m (63)[39m
[2m      Tests [22m [1m[31m10 failed[39m[22m[2m | [22m[1m[32m319 passed[39m[22m[90m (329)[39m
[2m   Start at [22m 07:52:18
[2m   Duration [22m 86.25s[2m (transform 8.92s, setup 55.56s, import 68.78s, tests 30.39s, environment 378.35s)[22m

            [36m<svg[39m
              [33maria-hidden[39m=[32m"true"[39m
              [33mclass[39m=[32m"lucide lucide-layout-dashboard w-4 h-4"[39m
              [33mfill[39m=[32m"none"[39m
              [33mheight[39m=[32m"24"[39m
              [33mstroke[39m=[32m"currentColor"[39m
              [33mstroke-linecap[39m=[32m"round"[39m
              [33mstroke-linejoin[39m=[32m"round"[39m
              [33mstroke-width[39m=[32m"2"[39m
              [33mviewBox[39m=[32m"0 0 24 24"[39m
              [33mwidth[39m=[32m"24"[39m
              [33mxmlns[39m=[32m"http://www.w3.org/2000/svg"[39m
            [36m>[39m
              [36m<rect[39m
                [33mheight[39m=[32m"9"[39m
                [33mrx[39m=[32m"1"[39m
                [33mwidth[39m=[32m"7"[39m
                [33mx[39m=[32m"3"[39m
                [33my[39m=[32m"3"[39m
              [36m/>[39m
              [36m<rect[39m
                [33mheight[39m=[32m"5"[39m
                [33mrx[39m=[32m"1"[39m
                [33mwidth[39m=[32m"7"[39m
                [33mx[39m=[32m"14"[39m
                [33my[39m=[32m"3"[39m
              [36m/>[39m
              [36m<rect[39m
                [33mheight[39m=[32m"9"[39m
                [33mrx[39m=[32m"1"[39m
                [33mwidth[39m=[32m"7"[39m
                [33mx[39m=[32m"14"[39m
                [33my[39m=[32m"12"[39m
              [36m/>[39m
              [36m<rect[39m
                [33mheight[39m=[32m"5"[39m
                [33mrx[39m=[32m"1"[39m
                [33mwidth[39m=[32m"7"[39m
                [33mx[39m=[32m"3"[39m
                [33my[39m=[32m"16"[39m
              [36m/>[39m
            [36m</svg>[39m
            [0mGeneraci├│n de Reportes[0m
          [36m</button>[39m
          [36m<button[39m
            [33mclass[39m=[32m"flex items-center gap-2.5 px-6 py-3 rounded-xl font-bold text-[13px] transition-all 
duration-300 text-slate-500 hover:text-slate-700 dark:text-slate-400 dark:hover:text-white hover:bg-slate-200/50 
dark:hover:bg-white/5"[39m
          [36m>[39m
            [36m<svg[39m
              [33maria-hidden[39m=[32m"true"[39m
              [33mclass[39m=[32m"lucide lucide-history w-4 h-4"[39m
              [33mfill[39m=[32m"none"[39m
              [33mheight[39m=[32m"24"[39m
              [33mstroke[39m=[32m"currentColor"[39m
              [33mstroke-linecap[39m=[32m"round"[39m
              [33mstroke-linejoin[39m=[32m"round"[39m
              [33mstroke-width[39m=[32m"2"[39m
              [33mviewBox[39m=[32m"0 0 24 24"[39m
              [33mwidth[39m=[32m"24"[39m
              [33mxmlns[39m=[32m"http://www.w3.org/2000/svg"[39m
            [36m>[39m
              [36m<path[39m
                [33md[39m=[32m"M3 12a9 9 0 1 0 9-9 9.75 9.75 0 0 0-6.74 2.74L3 8"[39m
              [36m/>[39m
              [36m<path[39m
                [33md[39m=[32m"M3 3v5h5"[39m
              [36m/>[39m
              [36m<path[39m
                [33md[39m=[32m"M12 7v5l4 2"[39m
              [36m/>[39m
            [36m</svg>[39m
            [0mHistorial[0m
          [36m</button>[39m
        [36m</div>[39m
      [36m</div>[39m
      [36m<div[39m
        [33mclass[39m=[32m"flex-1 flex flex-col w-full relative z-20"[39m
      [36m>[39m
        [36m<div[39m
  ...
[90m [2mÔØ»[22m Object.getElementError node_modules/@testing-library/dom/dist/config.js:[2m37:19[22m[39m
[90m [2mÔØ»[22m node_modules/@testing-library/dom/dist/query-helpers.js:[2m76:38[22m[39m
[90m [2mÔØ»[22m node_modules/@testing-library/dom/dist/query-helpers.js:[2m52:17[22m[39m
[90m [2mÔØ»[22m node_modules/@testing-library/dom/dist/query-helpers.js:[2m95:19[22m[39m
[36m [2mÔØ»[22m src/features/reports/views/__tests__/CentroReportesView.test.jsx:[2m59:28[22m[39m
    [90m 57|[39m     })[33m;[39m
    [90m 58|[39m
    [90m 59|[39m     [35mconst[39m histTab [33m=[39m screen[33m.[39m[34mgetByText[39m([32m'Historial 
Inmutable'[39m)[33m;[39m
    [90m   |[39m                            [31m^[39m
    [90m 60|[39m
    [90m 61|[39m     [35mawait[39m [34mact[39m([35masync[39m () [33m=>[39m {

[31m[2mÔÄ»ÔÄ»ÔÄ»ÔÄ»ÔÄ»ÔÄ»ÔÄ»ÔÄ»ÔÄ»ÔÄ»ÔÄ»ÔÄ»ÔÄ»ÔÄ»ÔÄ»ÔÄ»ÔÄ»ÔÄ»ÔÄ»ÔÄ»ÔÄ»ÔÄ»[16/16]ÔÄ»[22m[39m

